2025-06-06T05:17:11.0859497Z Current runner version: '2.325.0'
2025-06-06T05:17:11.0885250Z ##[group]Runner Image Provisioner
2025-06-06T05:17:11.0886180Z Hosted Compute Agent
2025-06-06T05:17:11.0886779Z Version: 20250508.323
2025-06-06T05:17:11.0887459Z Commit: 81b259f29879f73b4213d199e42d8c3465dae986
2025-06-06T05:17:11.0888157Z Build Date: 2025-05-08T19:40:08Z
2025-06-06T05:17:11.0889137Z ##[endgroup]
2025-06-06T05:17:11.0890021Z ##[group]Operating System
2025-06-06T05:17:11.0890643Z Ubuntu
2025-06-06T05:17:11.0891112Z 24.04.2
2025-06-06T05:17:11.0891702Z LTS
2025-06-06T05:17:11.0892223Z ##[endgroup]
2025-06-06T05:17:11.0892697Z ##[group]Runner Image
2025-06-06T05:17:11.0893349Z Image: ubuntu-24.04
2025-06-06T05:17:11.0893890Z Version: 20250511.1.0
2025-06-06T05:17:11.0895092Z Included Software: https://github.com/actions/runner-images/blob/ubuntu24/20250511.1/images/ubuntu/Ubuntu2404-Readme.md
2025-06-06T05:17:11.0896736Z Image Release: https://github.com/actions/runner-images/releases/tag/ubuntu24%2F20250511.1
2025-06-06T05:17:11.0897788Z ##[endgroup]
2025-06-06T05:17:11.0899186Z ##[group]GITHUB_TOKEN Permissions
2025-06-06T05:17:11.0901540Z Contents: read
2025-06-06T05:17:11.0902105Z Metadata: read
2025-06-06T05:17:11.0902653Z Packages: read
2025-06-06T05:17:11.0903244Z ##[endgroup]
2025-06-06T05:17:11.0905406Z Secret source: Actions
2025-06-06T05:17:11.0906418Z Prepare workflow directory
2025-06-06T05:17:11.1241975Z Prepare all required actions
2025-06-06T05:17:11.1281547Z Getting action download info
2025-06-06T05:17:11.4910946Z ##[group]Download immutable action package 'actions/checkout@v3'
2025-06-06T05:17:11.4912169Z Version: 3.6.0
2025-06-06T05:17:11.4913214Z Digest: sha256:942562b9c7d4b1f2557f1da21f4d3eb4eb4fd01f2ad78b2a6e187d1b193e0a0f
2025-06-06T05:17:11.4914592Z Source commit SHA: f43a0e5ff2bd294095638e18286ca9a3d1956744
2025-06-06T05:17:11.4915401Z ##[endgroup]
2025-06-06T05:17:11.5675643Z ##[group]Download immutable action package 'actions/setup-node@v3'
2025-06-06T05:17:11.5676566Z Version: 3.9.1
2025-06-06T05:17:11.5677428Z Digest: sha256:d8c8dbd6e63927801f9de42620f961a361b03be6034dcc11e83ca01f50cb9f40
2025-06-06T05:17:11.5678408Z Source commit SHA: 3235b876344d2a9aa001b8d1453c930bba69e610
2025-06-06T05:17:11.5679474Z ##[endgroup]
2025-06-06T05:17:11.8061340Z ##[group]Download immutable action package 'actions/setup-java@v3'
2025-06-06T05:17:11.8062305Z Version: 3.14.1
2025-06-06T05:17:11.8063201Z Digest: sha256:0f5994bd85f236d7525048fec5b0b7b3ec7474ec50184c8f78a320717cfb3d51
2025-06-06T05:17:11.8064245Z Source commit SHA: 17f84c3641ba7b8f6deff6309fc4c864478f5d62
2025-06-06T05:17:11.8065067Z ##[endgroup]
2025-06-06T05:17:12.0516638Z ##[group]Download immutable action package 'actions/cache@v3'
2025-06-06T05:17:12.0517861Z Version: 3.4.3
2025-06-06T05:17:12.0519328Z Digest: sha256:912f76fb11db1ca09ae23248a39eb86e79ea0f0f6e183d9cb96d0b778eeea4e2
2025-06-06T05:17:12.0520793Z Source commit SHA: 2f8e54208210a422b2efd51efaa6bd6d7ca8920f
2025-06-06T05:17:12.0521960Z ##[endgroup]
2025-06-06T05:17:12.2084993Z ##[group]Download immutable action package 'actions/upload-artifact@v4'
2025-06-06T05:17:12.2086721Z Version: 4.6.2
2025-06-06T05:17:12.2088326Z Digest: sha256:290722aa3281d5caf23d0acdc3dbeb3424786a1a01a9cc97e72f147225e37c38
2025-06-06T05:17:12.2090792Z Source commit SHA: ea165f8d65b6e75b540449e92b4886f43607fa02
2025-06-06T05:17:12.2092344Z ##[endgroup]
2025-06-06T05:17:12.4412280Z Complete job name: build (arm64-v8a)
2025-06-06T05:17:12.5179588Z ##[group]Run actions/checkout@v3
2025-06-06T05:17:12.5180938Z with:
2025-06-06T05:17:12.5181725Z   repository: AliceSyndrome285/CradleAI
2025-06-06T05:17:12.5183058Z   token: ***
2025-06-06T05:17:12.5183829Z   ssh-strict: true
2025-06-06T05:17:12.5184647Z   persist-credentials: true
2025-06-06T05:17:12.5185521Z   clean: true
2025-06-06T05:17:12.5186326Z   sparse-checkout-cone-mode: true
2025-06-06T05:17:12.5187278Z   fetch-depth: 1
2025-06-06T05:17:12.5188047Z   fetch-tags: false
2025-06-06T05:17:12.5188962Z   lfs: false
2025-06-06T05:17:12.5189707Z   submodules: false
2025-06-06T05:17:12.5190897Z   set-safe-directory: true
2025-06-06T05:17:12.5192072Z ##[endgroup]
2025-06-06T05:17:12.6102374Z Syncing repository: AliceSyndrome285/CradleAI
2025-06-06T05:17:12.6105493Z ##[group]Getting Git version info
2025-06-06T05:17:12.6106825Z Working directory is '/home/runner/work/CradleAI/CradleAI'
2025-06-06T05:17:12.6108660Z [command]/usr/bin/git version
2025-06-06T05:17:12.6117582Z git version 2.49.0
2025-06-06T05:17:12.6147344Z ##[endgroup]
2025-06-06T05:17:12.6164745Z Temporarily overriding HOME='/home/runner/work/_temp/6dff0918-7488-471b-98ac-ed3c2efa4e77' before making global git config changes
2025-06-06T05:17:12.6169604Z Adding repository directory to the temporary git global config as a safe directory
2025-06-06T05:17:12.6173005Z [command]/usr/bin/git config --global --add safe.directory /home/runner/work/CradleAI/CradleAI
2025-06-06T05:17:12.6205308Z Deleting the contents of '/home/runner/work/CradleAI/CradleAI'
2025-06-06T05:17:12.6209462Z ##[group]Initializing the repository
2025-06-06T05:17:12.6213488Z [command]/usr/bin/git init /home/runner/work/CradleAI/CradleAI
2025-06-06T05:17:12.6278717Z hint: Using 'master' as the name for the initial branch. This default branch name
2025-06-06T05:17:12.6281324Z hint: is subject to change. To configure the initial branch name to use in all
2025-06-06T05:17:12.6283717Z hint: of your new repositories, which will suppress this warning, call:
2025-06-06T05:17:12.6286114Z hint:
2025-06-06T05:17:12.6287711Z hint: 	git config --global init.defaultBranch <name>
2025-06-06T05:17:12.6289920Z hint:
2025-06-06T05:17:12.6291668Z hint: Names commonly chosen instead of 'master' are 'main', 'trunk' and
2025-06-06T05:17:12.6294665Z hint: 'development'. The just-created branch can be renamed via this command:
2025-06-06T05:17:12.6296909Z hint:
2025-06-06T05:17:12.6298098Z hint: 	git branch -m <name>
2025-06-06T05:17:12.6300171Z Initialized empty Git repository in /home/runner/work/CradleAI/CradleAI/.git/
2025-06-06T05:17:12.6303242Z [command]/usr/bin/git remote add origin https://github.com/AliceSyndrome285/CradleAI
2025-06-06T05:17:12.6329266Z ##[endgroup]
2025-06-06T05:17:12.6331741Z ##[group]Disabling automatic garbage collection
2025-06-06T05:17:12.6333881Z [command]/usr/bin/git config --local gc.auto 0
2025-06-06T05:17:12.6364832Z ##[endgroup]
2025-06-06T05:17:12.6367187Z ##[group]Setting up auth
2025-06-06T05:17:12.6370801Z [command]/usr/bin/git config --local --name-only --get-regexp core\.sshCommand
2025-06-06T05:17:12.6416402Z [command]/usr/bin/git submodule foreach --recursive sh -c "git config --local --name-only --get-regexp 'core\.sshCommand' && git config --local --unset-all 'core.sshCommand' || :"
2025-06-06T05:17:12.6668189Z [command]/usr/bin/git config --local --name-only --get-regexp http\.https\:\/\/github\.com\/\.extraheader
2025-06-06T05:17:12.6717276Z [command]/usr/bin/git submodule foreach --recursive sh -c "git config --local --name-only --get-regexp 'http\.https\:\/\/github\.com\/\.extraheader' && git config --local --unset-all 'http.https://github.com/.extraheader' || :"
2025-06-06T05:17:12.6924735Z [command]/usr/bin/git config --local http.https://github.com/.extraheader AUTHORIZATION: basic ***
2025-06-06T05:17:12.6958317Z ##[endgroup]
2025-06-06T05:17:12.6960157Z ##[group]Fetching the repository
2025-06-06T05:17:12.6967642Z [command]/usr/bin/git -c protocol.version=2 fetch --no-tags --prune --progress --no-recurse-submodules --depth=1 origin +4f390f220f04123b8ec915922ca5a4db7655acde:refs/remotes/origin/main
2025-06-06T05:17:13.0774217Z remote: Enumerating objects: 581, done.        
2025-06-06T05:17:13.0776272Z remote: Counting objects:   0% (1/581)        
2025-06-06T05:17:13.0777503Z remote: Counting objects:   1% (6/581)        
2025-06-06T05:17:13.0778761Z remote: Counting objects:   2% (12/581)        
2025-06-06T05:17:13.0780318Z remote: Counting objects:   3% (18/581)        
2025-06-06T05:17:13.0781497Z remote: Counting objects:   4% (24/581)        
2025-06-06T05:17:13.0782646Z remote: Counting objects:   5% (30/581)        
2025-06-06T05:17:13.0784274Z remote: Counting objects:   6% (35/581)        
2025-06-06T05:17:13.0785447Z remote: Counting objects:   7% (41/581)        
2025-06-06T05:17:13.0786592Z remote: Counting objects:   8% (47/581)        
2025-06-06T05:17:13.0787747Z remote: Counting objects:   9% (53/581)        
2025-06-06T05:17:13.0789161Z remote: Counting objects:  10% (59/581)        
2025-06-06T05:17:13.0790427Z remote: Counting objects:  11% (64/581)        
2025-06-06T05:17:13.0791594Z remote: Counting objects:  12% (70/581)        
2025-06-06T05:17:13.0792724Z remote: Counting objects:  13% (76/581)        
2025-06-06T05:17:13.0793832Z remote: Counting objects:  14% (82/581)        
2025-06-06T05:17:13.0794965Z remote: Counting objects:  15% (88/581)        
2025-06-06T05:17:13.0796086Z remote: Counting objects:  16% (93/581)        
2025-06-06T05:17:13.0797620Z remote: Counting objects:  17% (99/581)        
2025-06-06T05:17:13.0799674Z remote: Counting objects:  18% (105/581)        
2025-06-06T05:17:13.0801701Z remote: Counting objects:  19% (111/581)        
2025-06-06T05:17:13.0803232Z remote: Counting objects:  20% (117/581)        
2025-06-06T05:17:13.0804416Z remote: Counting objects:  21% (123/581)        
2025-06-06T05:17:13.0805549Z remote: Counting objects:  22% (128/581)        
2025-06-06T05:17:13.0806720Z remote: Counting objects:  23% (134/581)        
2025-06-06T05:17:13.0807921Z remote: Counting objects:  24% (140/581)        
2025-06-06T05:17:13.0809337Z remote: Counting objects:  25% (146/581)        
2025-06-06T05:17:13.0810487Z remote: Counting objects:  26% (152/581)        
2025-06-06T05:17:13.0811626Z remote: Counting objects:  27% (157/581)        
2025-06-06T05:17:13.0812845Z remote: Counting objects:  28% (163/581)        
2025-06-06T05:17:13.0814019Z remote: Counting objects:  29% (169/581)        
2025-06-06T05:17:13.0815183Z remote: Counting objects:  30% (175/581)        
2025-06-06T05:17:13.0816339Z remote: Counting objects:  31% (181/581)        
2025-06-06T05:17:13.0817535Z remote: Counting objects:  32% (186/581)        
2025-06-06T05:17:13.0818714Z remote: Counting objects:  33% (192/581)        
2025-06-06T05:17:13.0821119Z remote: Counting objects:  34% (198/581)        
2025-06-06T05:17:13.0888346Z remote: Counting objects:  35% (204/581)        
2025-06-06T05:17:13.0890052Z remote: Counting objects:  36% (210/581)        
2025-06-06T05:17:13.0891399Z remote: Counting objects:  37% (215/581)        
2025-06-06T05:17:13.0892630Z remote: Counting objects:  38% (221/581)        
2025-06-06T05:17:13.0893795Z remote: Counting objects:  39% (227/581)        
2025-06-06T05:17:13.0894952Z remote: Counting objects:  40% (233/581)        
2025-06-06T05:17:13.0896108Z remote: Counting objects:  41% (239/581)        
2025-06-06T05:17:13.0897309Z remote: Counting objects:  42% (245/581)        
2025-06-06T05:17:13.0898472Z remote: Counting objects:  43% (250/581)        
2025-06-06T05:17:13.0899928Z remote: Counting objects:  44% (256/581)        
2025-06-06T05:17:13.0901099Z remote: Counting objects:  45% (262/581)        
2025-06-06T05:17:13.0902256Z remote: Counting objects:  46% (268/581)        
2025-06-06T05:17:13.0903411Z remote: Counting objects:  47% (274/581)        
2025-06-06T05:17:13.0904564Z remote: Counting objects:  48% (279/581)        
2025-06-06T05:17:13.0905720Z remote: Counting objects:  49% (285/581)        
2025-06-06T05:17:13.0907244Z remote: Counting objects:  50% (291/581)        
2025-06-06T05:17:13.0908518Z remote: Counting objects:  51% (297/581)        
2025-06-06T05:17:13.0909949Z remote: Counting objects:  52% (303/581)        
2025-06-06T05:17:13.0911095Z remote: Counting objects:  53% (308/581)        
2025-06-06T05:17:13.0912228Z remote: Counting objects:  54% (314/581)        
2025-06-06T05:17:13.0913792Z remote: Counting objects:  55% (320/581)        
2025-06-06T05:17:13.0915883Z remote: Counting objects:  56% (326/581)        
2025-06-06T05:17:13.0917551Z remote: Counting objects:  57% (332/581)        
2025-06-06T05:17:13.0918736Z remote: Counting objects:  58% (337/581)        
2025-06-06T05:17:13.0920313Z remote: Counting objects:  59% (343/581)        
2025-06-06T05:17:13.0921482Z remote: Counting objects:  60% (349/581)        
2025-06-06T05:17:13.0922635Z remote: Counting objects:  61% (355/581)        
2025-06-06T05:17:13.0923795Z remote: Counting objects:  62% (361/581)        
2025-06-06T05:17:13.0924977Z remote: Counting objects:  63% (367/581)        
2025-06-06T05:17:13.0926169Z remote: Counting objects:  64% (372/581)        
2025-06-06T05:17:13.0927339Z remote: Counting objects:  65% (378/581)        
2025-06-06T05:17:13.0928494Z remote: Counting objects:  66% (384/581)        
2025-06-06T05:17:13.0929801Z remote: Counting objects:  67% (390/581)        
2025-06-06T05:17:13.0930948Z remote: Counting objects:  68% (396/581)        
2025-06-06T05:17:13.0932087Z remote: Counting objects:  69% (401/581)        
2025-06-06T05:17:13.0933224Z remote: Counting objects:  70% (407/581)        
2025-06-06T05:17:13.0934365Z remote: Counting objects:  71% (413/581)        
2025-06-06T05:17:13.0935538Z remote: Counting objects:  72% (419/581)        
2025-06-06T05:17:13.0936681Z remote: Counting objects:  73% (425/581)        
2025-06-06T05:17:13.0937821Z remote: Counting objects:  74% (430/581)        
2025-06-06T05:17:13.0939130Z remote: Counting objects:  75% (436/581)        
2025-06-06T05:17:13.0940369Z remote: Counting objects:  76% (442/581)        
2025-06-06T05:17:13.0941573Z remote: Counting objects:  77% (448/581)        
2025-06-06T05:17:13.0942716Z remote: Counting objects:  78% (454/581)        
2025-06-06T05:17:13.0943835Z remote: Counting objects:  79% (459/581)        
2025-06-06T05:17:13.0944968Z remote: Counting objects:  80% (465/581)        
2025-06-06T05:17:13.0946118Z remote: Counting objects:  81% (471/581)        
2025-06-06T05:17:13.0947264Z remote: Counting objects:  82% (477/581)        
2025-06-06T05:17:13.0948410Z remote: Counting objects:  83% (483/581)        
2025-06-06T05:17:13.0949935Z remote: Counting objects:  84% (489/581)        
2025-06-06T05:17:13.0951346Z remote: Counting objects:  85% (494/581)        
2025-06-06T05:17:13.0952498Z remote: Counting objects:  86% (500/581)        
2025-06-06T05:17:13.0953675Z remote: Counting objects:  87% (506/581)        
2025-06-06T05:17:13.0954817Z remote: Counting objects:  88% (512/581)        
2025-06-06T05:17:13.0955964Z remote: Counting objects:  89% (518/581)        
2025-06-06T05:17:13.0957111Z remote: Counting objects:  90% (523/581)        
2025-06-06T05:17:13.0958241Z remote: Counting objects:  91% (529/581)        
2025-06-06T05:17:13.0959947Z remote: Counting objects:  92% (535/581)        
2025-06-06T05:17:13.0961864Z remote: Counting objects:  93% (541/581)        
2025-06-06T05:17:13.0963055Z remote: Counting objects:  94% (547/581)        
2025-06-06T05:17:13.0964194Z remote: Counting objects:  95% (552/581)        
2025-06-06T05:17:13.0965342Z remote: Counting objects:  96% (558/581)        
2025-06-06T05:17:13.0966480Z remote: Counting objects:  97% (564/581)        
2025-06-06T05:17:13.0967656Z remote: Counting objects:  98% (570/581)        
2025-06-06T05:17:13.0969017Z remote: Counting objects:  99% (576/581)        
2025-06-06T05:17:13.0970197Z remote: Counting objects: 100% (581/581)        
2025-06-06T05:17:13.0971416Z remote: Counting objects: 100% (581/581), done.        
2025-06-06T05:17:13.0972634Z remote: Compressing objects:   0% (1/535)        
2025-06-06T05:17:13.0974053Z remote: Compressing objects:   1% (6/535)        
2025-06-06T05:17:13.0975254Z remote: Compressing objects:   2% (11/535)        
2025-06-06T05:17:13.0976446Z remote: Compressing objects:   3% (17/535)        
2025-06-06T05:17:13.0977630Z remote: Compressing objects:   4% (22/535)        
2025-06-06T05:17:13.0979428Z remote: Compressing objects:   5% (27/535)        
2025-06-06T05:17:13.0980671Z remote: Compressing objects:   6% (33/535)        
2025-06-06T05:17:13.0981907Z remote: Compressing objects:   7% (38/535)        
2025-06-06T05:17:13.0983080Z remote: Compressing objects:   8% (43/535)        
2025-06-06T05:17:13.0984463Z remote: Compressing objects:   9% (49/535)        
2025-06-06T05:17:13.1012958Z remote: Compressing objects:  10% (54/535)        
2025-06-06T05:17:13.1039268Z remote: Compressing objects:  11% (59/535)        
2025-06-06T05:17:13.1058060Z remote: Compressing objects:  12% (65/535)        
2025-06-06T05:17:13.1062821Z remote: Compressing objects:  13% (70/535)        
2025-06-06T05:17:13.1067579Z remote: Compressing objects:  14% (75/535)        
2025-06-06T05:17:13.1083835Z remote: Compressing objects:  15% (81/535)        
2025-06-06T05:17:13.1097796Z remote: Compressing objects:  16% (86/535)        
2025-06-06T05:17:13.1099304Z remote: Compressing objects:  17% (91/535)        
2025-06-06T05:17:13.1141916Z remote: Compressing objects:  18% (97/535)        
2025-06-06T05:17:13.1214536Z remote: Compressing objects:  19% (102/535)        
2025-06-06T05:17:13.1217289Z remote: Compressing objects:  20% (107/535)        
2025-06-06T05:17:13.1219083Z remote: Compressing objects:  21% (113/535)        
2025-06-06T05:17:13.1253336Z remote: Compressing objects:  22% (118/535)        
2025-06-06T05:17:13.1269677Z remote: Compressing objects:  23% (124/535)        
2025-06-06T05:17:13.1346045Z remote: Compressing objects:  24% (129/535)        
2025-06-06T05:17:13.1388474Z remote: Compressing objects:  25% (134/535)        
2025-06-06T05:17:13.1392645Z remote: Compressing objects:  26% (140/535)        
2025-06-06T05:17:13.1405993Z remote: Compressing objects:  27% (145/535)        
2025-06-06T05:17:13.1408660Z remote: Compressing objects:  28% (150/535)        
2025-06-06T05:17:13.1410598Z remote: Compressing objects:  29% (156/535)        
2025-06-06T05:17:13.1411847Z remote: Compressing objects:  30% (161/535)        
2025-06-06T05:17:13.1413038Z remote: Compressing objects:  31% (166/535)        
2025-06-06T05:17:13.1414258Z remote: Compressing objects:  32% (172/535)        
2025-06-06T05:17:13.1415431Z remote: Compressing objects:  33% (177/535)        
2025-06-06T05:17:13.1416607Z remote: Compressing objects:  34% (182/535)        
2025-06-06T05:17:13.1417830Z remote: Compressing objects:  35% (188/535)        
2025-06-06T05:17:13.1419442Z remote: Compressing objects:  36% (193/535)        
2025-06-06T05:17:13.1421137Z remote: Compressing objects:  37% (198/535)        
2025-06-06T05:17:13.1422426Z remote: Compressing objects:  38% (204/535)        
2025-06-06T05:17:13.1423651Z remote: Compressing objects:  39% (209/535)        
2025-06-06T05:17:13.1433239Z remote: Compressing objects:  40% (214/535)        
2025-06-06T05:17:13.1434687Z remote: Compressing objects:  41% (220/535)        
2025-06-06T05:17:13.1435879Z remote: Compressing objects:  42% (225/535)        
2025-06-06T05:17:13.1441339Z remote: Compressing objects:  43% (231/535)        
2025-06-06T05:17:13.1447896Z remote: Compressing objects:  44% (236/535)        
2025-06-06T05:17:13.1457184Z remote: Compressing objects:  45% (241/535)        
2025-06-06T05:17:13.1458499Z remote: Compressing objects:  46% (247/535)        
2025-06-06T05:17:13.1460019Z remote: Compressing objects:  47% (252/535)        
2025-06-06T05:17:13.1463405Z remote: Compressing objects:  48% (257/535)        
2025-06-06T05:17:13.1478362Z remote: Compressing objects:  49% (263/535)        
2025-06-06T05:17:13.1479943Z remote: Compressing objects:  50% (268/535)        
2025-06-06T05:17:13.1544257Z remote: Compressing objects:  51% (273/535)        
2025-06-06T05:17:13.1546359Z remote: Compressing objects:  52% (279/535)        
2025-06-06T05:17:13.1560310Z remote: Compressing objects:  53% (284/535)        
2025-06-06T05:17:13.1568951Z remote: Compressing objects:  54% (289/535)        
2025-06-06T05:17:13.1570346Z remote: Compressing objects:  55% (295/535)        
2025-06-06T05:17:13.1594408Z remote: Compressing objects:  56% (300/535)        
2025-06-06T05:17:13.1597941Z remote: Compressing objects:  57% (305/535)        
2025-06-06T05:17:13.1599524Z remote: Compressing objects:  58% (311/535)        
2025-06-06T05:17:13.1609280Z remote: Compressing objects:  59% (316/535)        
2025-06-06T05:17:13.1613353Z remote: Compressing objects:  60% (321/535)        
2025-06-06T05:17:13.1615025Z remote: Compressing objects:  61% (327/535)        
2025-06-06T05:17:13.1625015Z remote: Compressing objects:  62% (332/535)        
2025-06-06T05:17:13.1634553Z remote: Compressing objects:  63% (338/535)        
2025-06-06T05:17:13.1635825Z remote: Compressing objects:  64% (343/535)        
2025-06-06T05:17:13.1666648Z remote: Compressing objects:  65% (348/535)        
2025-06-06T05:17:13.1686065Z remote: Compressing objects:  66% (354/535)        
2025-06-06T05:17:13.1706731Z remote: Compressing objects:  67% (359/535)        
2025-06-06T05:17:13.1711876Z remote: Compressing objects:  68% (364/535)        
2025-06-06T05:17:13.1714500Z remote: Compressing objects:  69% (370/535)        
2025-06-06T05:17:13.1858733Z remote: Compressing objects:  70% (375/535)        
2025-06-06T05:17:13.1915348Z remote: Compressing objects:  71% (380/535)        
2025-06-06T05:17:13.1920009Z remote: Compressing objects:  72% (386/535)        
2025-06-06T05:17:13.1931293Z remote: Compressing objects:  73% (391/535)        
2025-06-06T05:17:13.1932572Z remote: Compressing objects:  74% (396/535)        
2025-06-06T05:17:13.1933771Z remote: Compressing objects:  75% (402/535)        
2025-06-06T05:17:13.1934955Z remote: Compressing objects:  76% (407/535)        
2025-06-06T05:17:13.1936177Z remote: Compressing objects:  77% (412/535)        
2025-06-06T05:17:13.1945982Z remote: Compressing objects:  78% (418/535)        
2025-06-06T05:17:13.1947387Z remote: Compressing objects:  79% (423/535)        
2025-06-06T05:17:13.1977440Z remote: Compressing objects:  80% (428/535)        
2025-06-06T05:17:13.1979430Z remote: Compressing objects:  81% (434/535)        
2025-06-06T05:17:13.1980672Z remote: Compressing objects:  82% (439/535)        
2025-06-06T05:17:13.1981849Z remote: Compressing objects:  83% (445/535)        
2025-06-06T05:17:13.1983774Z remote: Compressing objects:  84% (450/535)        
2025-06-06T05:17:13.1985560Z remote: Compressing objects:  85% (455/535)        
2025-06-06T05:17:13.1986783Z remote: Compressing objects:  86% (461/535)        
2025-06-06T05:17:13.1987949Z remote: Compressing objects:  87% (466/535)        
2025-06-06T05:17:13.1989764Z remote: Compressing objects:  88% (471/535)        
2025-06-06T05:17:13.1991542Z remote: Compressing objects:  89% (477/535)        
2025-06-06T05:17:13.1993499Z remote: Compressing objects:  90% (482/535)        
2025-06-06T05:17:13.1994698Z remote: Compressing objects:  91% (487/535)        
2025-06-06T05:17:13.1995870Z remote: Compressing objects:  92% (493/535)        
2025-06-06T05:17:13.1997045Z remote: Compressing objects:  93% (498/535)        
2025-06-06T05:17:13.1998424Z remote: Compressing objects:  94% (503/535)        
2025-06-06T05:17:13.1999870Z remote: Compressing objects:  95% (509/535)        
2025-06-06T05:17:13.2001043Z remote: Compressing objects:  96% (514/535)        
2025-06-06T05:17:13.2002216Z remote: Compressing objects:  97% (519/535)        
2025-06-06T05:17:13.2003396Z remote: Compressing objects:  98% (525/535)        
2025-06-06T05:17:13.2004575Z remote: Compressing objects:  99% (530/535)        
2025-06-06T05:17:13.2005741Z remote: Compressing objects: 100% (535/535)        
2025-06-06T05:17:13.2006984Z remote: Compressing objects: 100% (535/535), done.        
2025-06-06T05:17:13.2016457Z Receiving objects:   0% (1/581)
2025-06-06T05:17:13.2150012Z Receiving objects:   1% (6/581)
2025-06-06T05:17:13.2202719Z Receiving objects:   2% (12/581)
2025-06-06T05:17:13.2297409Z Receiving objects:   3% (18/581)
2025-06-06T05:17:13.2366463Z Receiving objects:   4% (24/581)
2025-06-06T05:17:13.2373808Z Receiving objects:   5% (30/581)
2025-06-06T05:17:13.2398057Z Receiving objects:   6% (35/581)
2025-06-06T05:17:13.2410013Z Receiving objects:   7% (41/581)
2025-06-06T05:17:13.2444491Z Receiving objects:   8% (47/581)
2025-06-06T05:17:13.2525373Z Receiving objects:   9% (53/581)
2025-06-06T05:17:13.2527070Z Receiving objects:  10% (59/581)
2025-06-06T05:17:13.2529150Z Receiving objects:  11% (64/581)
2025-06-06T05:17:13.2532537Z Receiving objects:  12% (70/581)
2025-06-06T05:17:13.2534292Z Receiving objects:  13% (76/581)
2025-06-06T05:17:13.2544881Z Receiving objects:  14% (82/581)
2025-06-06T05:17:13.2571464Z Receiving objects:  15% (88/581)
2025-06-06T05:17:13.2606495Z Receiving objects:  16% (93/581)
2025-06-06T05:17:13.2627508Z Receiving objects:  17% (99/581)
2025-06-06T05:17:13.2644575Z Receiving objects:  18% (105/581)
2025-06-06T05:17:13.4949377Z Receiving objects:  19% (111/581)
2025-06-06T05:17:13.5088252Z Receiving objects:  20% (117/581)
2025-06-06T05:17:13.6111575Z Receiving objects:  21% (123/581)
2025-06-06T05:17:13.6267543Z Receiving objects:  22% (128/581)
2025-06-06T05:17:13.6322898Z Receiving objects:  23% (134/581)
2025-06-06T05:17:13.6585927Z Receiving objects:  24% (140/581)
2025-06-06T05:17:13.6818547Z Receiving objects:  25% (146/581)
2025-06-06T05:17:13.7288129Z Receiving objects:  26% (152/581)
2025-06-06T05:17:13.7725422Z Receiving objects:  27% (157/581), 11.15 MiB | 22.29 MiB/s
2025-06-06T05:17:13.7848496Z Receiving objects:  28% (163/581), 11.15 MiB | 22.29 MiB/s
2025-06-06T05:17:13.8477196Z Receiving objects:  29% (169/581), 11.15 MiB | 22.29 MiB/s
2025-06-06T05:17:13.8861405Z Receiving objects:  30% (175/581), 11.15 MiB | 22.29 MiB/s
2025-06-06T05:17:13.9465338Z Receiving objects:  31% (181/581), 11.15 MiB | 22.29 MiB/s
2025-06-06T05:17:13.9755587Z Receiving objects:  32% (186/581), 11.15 MiB | 22.29 MiB/s
2025-06-06T05:17:13.9758275Z Receiving objects:  33% (192/581), 11.15 MiB | 22.29 MiB/s
2025-06-06T05:17:13.9771209Z Receiving objects:  34% (198/581), 11.15 MiB | 22.29 MiB/s
2025-06-06T05:17:13.9781411Z Receiving objects:  35% (204/581), 11.15 MiB | 22.29 MiB/s
2025-06-06T05:17:13.9802722Z Receiving objects:  36% (210/581), 11.15 MiB | 22.29 MiB/s
2025-06-06T05:17:13.9809723Z Receiving objects:  37% (215/581), 11.15 MiB | 22.29 MiB/s
2025-06-06T05:17:13.9819857Z Receiving objects:  38% (221/581), 11.15 MiB | 22.29 MiB/s
2025-06-06T05:17:13.9829565Z Receiving objects:  39% (227/581), 11.15 MiB | 22.29 MiB/s
2025-06-06T05:17:13.9835343Z Receiving objects:  40% (233/581), 11.15 MiB | 22.29 MiB/s
2025-06-06T05:17:13.9842797Z Receiving objects:  41% (239/581), 11.15 MiB | 22.29 MiB/s
2025-06-06T05:17:13.9853957Z Receiving objects:  42% (245/581), 11.15 MiB | 22.29 MiB/s
2025-06-06T05:17:13.9857905Z Receiving objects:  43% (250/581), 11.15 MiB | 22.29 MiB/s
2025-06-06T05:17:13.9863082Z Receiving objects:  44% (256/581), 11.15 MiB | 22.29 MiB/s
2025-06-06T05:17:13.9871130Z Receiving objects:  45% (262/581), 11.15 MiB | 22.29 MiB/s
2025-06-06T05:17:13.9875142Z Receiving objects:  46% (268/581), 11.15 MiB | 22.29 MiB/s
2025-06-06T05:17:13.9880629Z Receiving objects:  47% (274/581), 11.15 MiB | 22.29 MiB/s
2025-06-06T05:17:13.9885299Z Receiving objects:  48% (279/581), 11.15 MiB | 22.29 MiB/s
2025-06-06T05:17:13.9894791Z Receiving objects:  49% (285/581), 11.15 MiB | 22.29 MiB/s
2025-06-06T05:17:13.9899278Z Receiving objects:  50% (291/581), 11.15 MiB | 22.29 MiB/s
2025-06-06T05:17:13.9902126Z Receiving objects:  51% (297/581), 11.15 MiB | 22.29 MiB/s
2025-06-06T05:17:13.9906677Z Receiving objects:  52% (303/581), 11.15 MiB | 22.29 MiB/s
2025-06-06T05:17:13.9914200Z Receiving objects:  53% (308/581), 11.15 MiB | 22.29 MiB/s
2025-06-06T05:17:13.9920463Z Receiving objects:  54% (314/581), 11.15 MiB | 22.29 MiB/s
2025-06-06T05:17:13.9924125Z Receiving objects:  55% (320/581), 11.15 MiB | 22.29 MiB/s
2025-06-06T05:17:13.9931803Z Receiving objects:  56% (326/581), 11.15 MiB | 22.29 MiB/s
2025-06-06T05:17:13.9934299Z Receiving objects:  57% (332/581), 11.15 MiB | 22.29 MiB/s
2025-06-06T05:17:13.9936744Z Receiving objects:  58% (337/581), 11.15 MiB | 22.29 MiB/s
2025-06-06T05:17:13.9942246Z Receiving objects:  59% (343/581), 11.15 MiB | 22.29 MiB/s
2025-06-06T05:17:13.9944812Z Receiving objects:  60% (349/581), 11.15 MiB | 22.29 MiB/s
2025-06-06T05:17:13.9947766Z Receiving objects:  61% (355/581), 11.15 MiB | 22.29 MiB/s
2025-06-06T05:17:13.9951640Z Receiving objects:  62% (361/581), 11.15 MiB | 22.29 MiB/s
2025-06-06T05:17:14.0008065Z Receiving objects:  63% (367/581), 11.15 MiB | 22.29 MiB/s
2025-06-06T05:17:14.0010956Z Receiving objects:  64% (372/581), 11.15 MiB | 22.29 MiB/s
2025-06-06T05:17:14.0013431Z Receiving objects:  65% (378/581), 11.15 MiB | 22.29 MiB/s
2025-06-06T05:17:14.0015961Z Receiving objects:  66% (384/581), 11.15 MiB | 22.29 MiB/s
2025-06-06T05:17:14.0018390Z Receiving objects:  67% (390/581), 11.15 MiB | 22.29 MiB/s
2025-06-06T05:17:14.0021193Z Receiving objects:  68% (396/581), 11.15 MiB | 22.29 MiB/s
2025-06-06T05:17:14.0029298Z Receiving objects:  69% (401/581), 11.15 MiB | 22.29 MiB/s
2025-06-06T05:17:14.0042407Z Receiving objects:  70% (407/581), 11.15 MiB | 22.29 MiB/s
2025-06-06T05:17:14.0046488Z Receiving objects:  71% (413/581), 11.15 MiB | 22.29 MiB/s
2025-06-06T05:17:14.0054454Z Receiving objects:  72% (419/581), 11.15 MiB | 22.29 MiB/s
2025-06-06T05:17:14.0059731Z Receiving objects:  73% (425/581), 11.15 MiB | 22.29 MiB/s
2025-06-06T05:17:14.0066259Z Receiving objects:  74% (430/581), 11.15 MiB | 22.29 MiB/s
2025-06-06T05:17:14.0073161Z Receiving objects:  75% (436/581), 11.15 MiB | 22.29 MiB/s
2025-06-06T05:17:14.0075497Z Receiving objects:  76% (442/581), 11.15 MiB | 22.29 MiB/s
2025-06-06T05:17:14.0080990Z Receiving objects:  77% (448/581), 11.15 MiB | 22.29 MiB/s
2025-06-06T05:17:14.0083350Z Receiving objects:  78% (454/581), 11.15 MiB | 22.29 MiB/s
2025-06-06T05:17:14.0085766Z Receiving objects:  79% (459/581), 11.15 MiB | 22.29 MiB/s
2025-06-06T05:17:14.0092593Z Receiving objects:  80% (465/581), 11.15 MiB | 22.29 MiB/s
2025-06-06T05:17:14.0098733Z Receiving objects:  81% (471/581), 11.15 MiB | 22.29 MiB/s
2025-06-06T05:17:14.0101383Z Receiving objects:  82% (477/581), 11.15 MiB | 22.29 MiB/s
2025-06-06T05:17:14.0106150Z Receiving objects:  83% (483/581), 11.15 MiB | 22.29 MiB/s
2025-06-06T05:17:14.0110550Z Receiving objects:  84% (489/581), 11.15 MiB | 22.29 MiB/s
2025-06-06T05:17:14.0116935Z Receiving objects:  85% (494/581), 11.15 MiB | 22.29 MiB/s
2025-06-06T05:17:14.0123151Z Receiving objects:  86% (500/581), 11.15 MiB | 22.29 MiB/s
2025-06-06T05:17:14.0152779Z Receiving objects:  87% (506/581), 11.15 MiB | 22.29 MiB/s
2025-06-06T05:17:14.0159139Z Receiving objects:  88% (512/581), 11.15 MiB | 22.29 MiB/s
2025-06-06T05:17:14.0161410Z Receiving objects:  89% (518/581), 11.15 MiB | 22.29 MiB/s
2025-06-06T05:17:14.0163569Z Receiving objects:  90% (523/581), 11.15 MiB | 22.29 MiB/s
2025-06-06T05:17:14.0165678Z Receiving objects:  91% (529/581), 11.15 MiB | 22.29 MiB/s
2025-06-06T05:17:14.0167757Z Receiving objects:  92% (535/581), 11.15 MiB | 22.29 MiB/s
2025-06-06T05:17:14.0170080Z Receiving objects:  93% (541/581), 11.15 MiB | 22.29 MiB/s
2025-06-06T05:17:14.0172190Z Receiving objects:  94% (547/581), 11.15 MiB | 22.29 MiB/s
2025-06-06T05:17:14.0174310Z Receiving objects:  95% (552/581), 11.15 MiB | 22.29 MiB/s
2025-06-06T05:17:14.0176699Z remote: Total 581 (delta 22), reused 465 (delta 13), pack-reused 0 (from 0)        
2025-06-06T05:17:14.0179337Z Receiving objects:  96% (558/581), 11.15 MiB | 22.29 MiB/s
2025-06-06T05:17:14.0181516Z Receiving objects:  97% (564/581), 11.15 MiB | 22.29 MiB/s
2025-06-06T05:17:14.0183986Z Receiving objects:  98% (570/581), 11.15 MiB | 22.29 MiB/s
2025-06-06T05:17:14.0189404Z Receiving objects:  99% (576/581), 11.15 MiB | 22.29 MiB/s
2025-06-06T05:17:14.0191865Z Receiving objects: 100% (581/581), 11.15 MiB | 22.29 MiB/s
2025-06-06T05:17:14.0194114Z Receiving objects: 100% (581/581), 25.35 MiB | 31.02 MiB/s, done.
2025-06-06T05:17:14.0199781Z Resolving deltas:   0% (0/22)
2025-06-06T05:17:14.0209139Z Resolving deltas:   4% (1/22)
2025-06-06T05:17:14.0210699Z Resolving deltas:   9% (2/22)
2025-06-06T05:17:14.0212193Z Resolving deltas:  13% (3/22)
2025-06-06T05:17:14.0214750Z Resolving deltas:  18% (4/22)
2025-06-06T05:17:14.0216448Z Resolving deltas:  22% (5/22)
2025-06-06T05:17:14.0219073Z Resolving deltas:  31% (7/22)
2025-06-06T05:17:14.0226394Z Resolving deltas:  36% (8/22)
2025-06-06T05:17:14.0228232Z Resolving deltas:  40% (9/22)
2025-06-06T05:17:14.0230120Z Resolving deltas:  45% (10/22)
2025-06-06T05:17:14.0231904Z Resolving deltas:  50% (11/22)
2025-06-06T05:17:14.0235276Z Resolving deltas:  54% (12/22)
2025-06-06T05:17:14.0236555Z Resolving deltas:  59% (13/22)
2025-06-06T05:17:14.0237801Z Resolving deltas:  63% (14/22)
2025-06-06T05:17:14.0239284Z Resolving deltas:  68% (15/22)
2025-06-06T05:17:14.0240558Z Resolving deltas:  72% (16/22)
2025-06-06T05:17:14.0241808Z Resolving deltas:  81% (18/22)
2025-06-06T05:17:14.0243051Z Resolving deltas:  86% (19/22)
2025-06-06T05:17:14.0244143Z Resolving deltas:  90% (20/22)
2025-06-06T05:17:14.0245202Z Resolving deltas:  95% (21/22)
2025-06-06T05:17:14.0246179Z Resolving deltas: 100% (22/22)
2025-06-06T05:17:14.0247093Z Resolving deltas: 100% (22/22), done.
2025-06-06T05:17:14.0500800Z From https://github.com/AliceSyndrome285/CradleAI
2025-06-06T05:17:14.0502301Z  * [new ref]         4f390f220f04123b8ec915922ca5a4db7655acde -> origin/main
2025-06-06T05:17:14.0531381Z ##[endgroup]
2025-06-06T05:17:14.0531941Z ##[group]Determining the checkout info
2025-06-06T05:17:14.0534116Z ##[endgroup]
2025-06-06T05:17:14.0534795Z ##[group]Checking out the ref
2025-06-06T05:17:14.0538183Z [command]/usr/bin/git checkout --progress --force -B main refs/remotes/origin/main
2025-06-06T05:17:14.2643583Z Switched to a new branch 'main'
2025-06-06T05:17:14.2647162Z branch 'main' set up to track 'origin/main'.
2025-06-06T05:17:14.2663522Z ##[endgroup]
2025-06-06T05:17:14.2700215Z [command]/usr/bin/git log -1 --format='%H'
2025-06-06T05:17:14.2722684Z '4f390f220f04123b8ec915922ca5a4db7655acde'
2025-06-06T05:17:14.2946053Z ##[group]Run actions/setup-node@v3
2025-06-06T05:17:14.2946458Z with:
2025-06-06T05:17:14.2946747Z   node-version: 19.x
2025-06-06T05:17:14.2947070Z   cache: npm
2025-06-06T05:17:14.2947356Z   always-auth: false
2025-06-06T05:17:14.2947658Z   check-latest: false
2025-06-06T05:17:14.2948097Z   token: ***
2025-06-06T05:17:14.2948386Z ##[endgroup]
2025-06-06T05:17:14.4888608Z Attempting to download 19.x...
2025-06-06T05:17:14.8900171Z Not found in manifest. Falling back to download directly from Node
2025-06-06T05:17:14.9475950Z Acquiring 19.9.0 - x64 from https://nodejs.org/dist/v19.9.0/node-v19.9.0-linux-x64.tar.gz
2025-06-06T05:17:15.2462791Z Extracting ...
2025-06-06T05:17:15.2579118Z [command]/usr/bin/tar xz --strip 1 --warning=no-unknown-keyword -C /home/runner/work/_temp/5ac6d7a2-affc-4989-aad0-025f1046755f -f /home/runner/work/_temp/5b7ffeb1-3d73-4a2d-ba8b-792ee4da1fce
2025-06-06T05:17:16.2254830Z Adding to the cache ...
2025-06-06T05:17:17.8835816Z Done
2025-06-06T05:17:17.8840311Z ##[group]Environment details
2025-06-06T05:17:18.2481170Z node: v19.9.0
2025-06-06T05:17:18.2481657Z npm: 9.6.3
2025-06-06T05:17:18.2482012Z yarn: 1.22.22
2025-06-06T05:17:18.2482742Z ##[endgroup]
2025-06-06T05:17:18.2491676Z [command]/opt/hostedtoolcache/node/19.9.0/x64/bin/npm config get cache
2025-06-06T05:17:18.5736507Z /home/runner/.npm
2025-06-06T05:17:18.6671372Z Cache hit for: node-cache-Linux-npm-d5b72f44d1f0cabcc85fbda9a043f3888ce40446c69e094bb83c756b09164aec
2025-06-06T05:17:19.8054182Z Received 117440512 of 139586052 (84.1%), 112.0 MBs/sec
2025-06-06T05:17:20.0763167Z Received 139586052 of 139586052 (100.0%), 104.7 MBs/sec
2025-06-06T05:17:20.0764465Z Cache Size: ~133 MB (139586052 B)
2025-06-06T05:17:20.0800720Z [command]/usr/bin/tar -xf /home/runner/work/_temp/45eec341-3138-4122-91e5-1462e7ca5c59/cache.tzst -P -C /home/runner/work/CradleAI/CradleAI --use-compress-program unzstd
2025-06-06T05:17:20.4691179Z Cache restored successfully
2025-06-06T05:17:20.4969715Z Cache restored from key: node-cache-Linux-npm-d5b72f44d1f0cabcc85fbda9a043f3888ce40446c69e094bb83c756b09164aec
2025-06-06T05:17:20.5228769Z ##[group]Run actions/setup-java@v3
2025-06-06T05:17:20.5229361Z with:
2025-06-06T05:17:20.5229567Z   distribution: temurin
2025-06-06T05:17:20.5229792Z   java-version: 17
2025-06-06T05:17:20.5230011Z   java-package: jdk
2025-06-06T05:17:20.5230228Z   check-latest: false
2025-06-06T05:17:20.5230626Z   server-id: github
2025-06-06T05:17:20.5230843Z   server-username: GITHUB_ACTOR
2025-06-06T05:17:20.5231102Z   server-password: GITHUB_TOKEN
2025-06-06T05:17:20.5231362Z   overwrite-settings: true
2025-06-06T05:17:20.5231632Z   job-status: success
2025-06-06T05:17:20.5232285Z   token: ***
2025-06-06T05:17:20.5232494Z ##[endgroup]
2025-06-06T05:17:20.7214462Z ##[group]Installed distributions
2025-06-06T05:17:20.7274331Z Resolved Java 17.0.15+6 from tool-cache
2025-06-06T05:17:20.7275097Z Setting Java 17.0.15+6 as the default
2025-06-06T05:17:20.7281662Z Creating toolchains.xml for JDK version 17 from temurin
2025-06-06T05:17:20.7358122Z Writing to /home/runner/.m2/toolchains.xml
2025-06-06T05:17:20.7358694Z 
2025-06-06T05:17:20.7359066Z Java configuration:
2025-06-06T05:17:20.7359477Z   Distribution: temurin
2025-06-06T05:17:20.7359845Z   Version: 17.0.15+6
2025-06-06T05:17:20.7360610Z   Path: /opt/hostedtoolcache/Java_Temurin-Hotspot_jdk/17.0.15-6/x64
2025-06-06T05:17:20.7361102Z 
2025-06-06T05:17:20.7362213Z ##[endgroup]
2025-06-06T05:17:20.7365695Z Creating settings.xml with server-id: github
2025-06-06T05:17:20.7388340Z Writing to /home/runner/.m2/settings.xml
2025-06-06T05:17:20.7495652Z ##[group]Run npm ci
2025-06-06T05:17:20.7495982Z [36;1mnpm ci[0m
2025-06-06T05:17:20.7653640Z shell: /usr/bin/bash -e {0}
2025-06-06T05:17:20.7653997Z env:
2025-06-06T05:17:20.7654323Z   JAVA_HOME: /opt/hostedtoolcache/Java_Temurin-Hotspot_jdk/17.0.15-6/x64
2025-06-06T05:17:20.7654825Z   JAVA_HOME_17_X64: /opt/hostedtoolcache/Java_Temurin-Hotspot_jdk/17.0.15-6/x64
2025-06-06T05:17:20.7655197Z ##[endgroup]
2025-06-06T05:17:22.0413800Z npm WARN EBADENGINE Unsupported engine {
2025-06-06T05:17:22.0414686Z npm WARN EBADENGINE   package: '@eslint/config-array@0.20.0',
2025-06-06T05:17:22.0415600Z npm WARN EBADENGINE   required: { node: '^18.18.0 || ^20.9.0 || >=21.1.0' },
2025-06-06T05:17:22.0416513Z npm WARN EBADENGINE   current: { node: 'v19.9.0', npm: '9.6.3' }
2025-06-06T05:17:22.0417403Z npm WARN EBADENGINE }
2025-06-06T05:17:22.0425971Z npm WARN EBADENGINE Unsupported engine {
2025-06-06T05:17:22.0427211Z npm WARN EBADENGINE   package: '@eslint/config-helpers@0.2.2',
2025-06-06T05:17:22.0428302Z npm WARN EBADENGINE   required: { node: '^18.18.0 || ^20.9.0 || >=21.1.0' },
2025-06-06T05:17:22.0429412Z npm WARN EBADENGINE   current: { node: 'v19.9.0', npm: '9.6.3' }
2025-06-06T05:17:22.0430049Z npm WARN EBADENGINE }
2025-06-06T05:17:22.0430566Z npm WARN EBADENGINE Unsupported engine {
2025-06-06T05:17:22.0431229Z npm WARN EBADENGINE   package: '@eslint/core@0.13.0',
2025-06-06T05:17:22.0432111Z npm WARN EBADENGINE   required: { node: '^18.18.0 || ^20.9.0 || >=21.1.0' },
2025-06-06T05:17:22.0433133Z npm WARN EBADENGINE   current: { node: 'v19.9.0', npm: '9.6.3' }
2025-06-06T05:17:22.0433786Z npm WARN EBADENGINE }
2025-06-06T05:17:22.0435930Z npm WARN EBADENGINE Unsupported engine {
2025-06-06T05:17:22.0436732Z npm WARN EBADENGINE   package: '@eslint/eslintrc@3.3.1',
2025-06-06T05:17:22.0437711Z npm WARN EBADENGINE   required: { node: '^18.18.0 || ^20.9.0 || >=21.1.0' },
2025-06-06T05:17:22.0438672Z npm WARN EBADENGINE   current: { node: 'v19.9.0', npm: '9.6.3' }
2025-06-06T05:17:22.0439612Z npm WARN EBADENGINE }
2025-06-06T05:17:22.0441922Z npm WARN EBADENGINE Unsupported engine {
2025-06-06T05:17:22.0442683Z npm WARN EBADENGINE   package: '@eslint/js@9.26.0',
2025-06-06T05:17:22.0443587Z npm WARN EBADENGINE   required: { node: '^18.18.0 || ^20.9.0 || >=21.1.0' },
2025-06-06T05:17:22.0444544Z npm WARN EBADENGINE   current: { node: 'v19.9.0', npm: '9.6.3' }
2025-06-06T05:17:22.0445160Z npm WARN EBADENGINE }
2025-06-06T05:17:22.0445721Z npm WARN EBADENGINE Unsupported engine {
2025-06-06T05:17:22.0446520Z npm WARN EBADENGINE   package: '@eslint/object-schema@2.1.6',
2025-06-06T05:17:22.0447500Z npm WARN EBADENGINE   required: { node: '^18.18.0 || ^20.9.0 || >=21.1.0' },
2025-06-06T05:17:22.0448459Z npm WARN EBADENGINE   current: { node: 'v19.9.0', npm: '9.6.3' }
2025-06-06T05:17:22.0449763Z npm WARN EBADENGINE }
2025-06-06T05:17:22.0450357Z npm WARN EBADENGINE Unsupported engine {
2025-06-06T05:17:22.0451113Z npm WARN EBADENGINE   package: '@eslint/plugin-kit@0.2.8',
2025-06-06T05:17:22.0452104Z npm WARN EBADENGINE   required: { node: '^18.18.0 || ^20.9.0 || >=21.1.0' },
2025-06-06T05:17:22.0453095Z npm WARN EBADENGINE   current: { node: 'v19.9.0', npm: '9.6.3' }
2025-06-06T05:17:22.0453735Z npm WARN EBADENGINE }
2025-06-06T05:17:22.0471201Z npm WARN EBADENGINE Unsupported engine {
2025-06-06T05:17:22.0472437Z npm WARN EBADENGINE   package: '@typescript-eslint/eslint-plugin@8.32.0',
2025-06-06T05:17:22.0473828Z npm WARN EBADENGINE   required: { node: '^18.18.0 || ^20.9.0 || >=21.1.0' },
2025-06-06T05:17:22.0474737Z npm WARN EBADENGINE   current: { node: 'v19.9.0', npm: '9.6.3' }
2025-06-06T05:17:22.0475339Z npm WARN EBADENGINE }
2025-06-06T05:17:22.0475875Z npm WARN EBADENGINE Unsupported engine {
2025-06-06T05:17:22.0476651Z npm WARN EBADENGINE   package: '@typescript-eslint/parser@8.32.0',
2025-06-06T05:17:22.0477588Z npm WARN EBADENGINE   required: { node: '^18.18.0 || ^20.9.0 || >=21.1.0' },
2025-06-06T05:17:22.0478456Z npm WARN EBADENGINE   current: { node: 'v19.9.0', npm: '9.6.3' }
2025-06-06T05:17:22.0479650Z npm WARN EBADENGINE }
2025-06-06T05:17:22.0480209Z npm WARN EBADENGINE Unsupported engine {
2025-06-06T05:17:22.0481029Z npm WARN EBADENGINE   package: '@typescript-eslint/scope-manager@8.32.0',
2025-06-06T05:17:22.0481985Z npm WARN EBADENGINE   required: { node: '^18.18.0 || ^20.9.0 || >=21.1.0' },
2025-06-06T05:17:22.0482872Z npm WARN EBADENGINE   current: { node: 'v19.9.0', npm: '9.6.3' }
2025-06-06T05:17:22.0483489Z npm WARN EBADENGINE }
2025-06-06T05:17:22.0483987Z npm WARN EBADENGINE Unsupported engine {
2025-06-06T05:17:22.0484783Z npm WARN EBADENGINE   package: '@typescript-eslint/type-utils@8.32.0',
2025-06-06T05:17:22.0485718Z npm WARN EBADENGINE   required: { node: '^18.18.0 || ^20.9.0 || >=21.1.0' },
2025-06-06T05:17:22.0486586Z npm WARN EBADENGINE   current: { node: 'v19.9.0', npm: '9.6.3' }
2025-06-06T05:17:22.0487213Z npm WARN EBADENGINE }
2025-06-06T05:17:22.0487717Z npm WARN EBADENGINE Unsupported engine {
2025-06-06T05:17:22.0488477Z npm WARN EBADENGINE   package: '@typescript-eslint/types@8.32.0',
2025-06-06T05:17:22.0489582Z npm WARN EBADENGINE   required: { node: '^18.18.0 || ^20.9.0 || >=21.1.0' },
2025-06-06T05:17:22.0490440Z npm WARN EBADENGINE   current: { node: 'v19.9.0', npm: '9.6.3' }
2025-06-06T05:17:22.0491024Z npm WARN EBADENGINE }
2025-06-06T05:17:22.0491521Z npm WARN EBADENGINE Unsupported engine {
2025-06-06T05:17:22.0492351Z npm WARN EBADENGINE   package: '@typescript-eslint/typescript-estree@8.32.0',
2025-06-06T05:17:22.0493342Z npm WARN EBADENGINE   required: { node: '^18.18.0 || ^20.9.0 || >=21.1.0' },
2025-06-06T05:17:22.0494212Z npm WARN EBADENGINE   current: { node: 'v19.9.0', npm: '9.6.3' }
2025-06-06T05:17:22.0494870Z npm WARN EBADENGINE }
2025-06-06T05:17:22.0495836Z npm WARN EBADENGINE Unsupported engine {
2025-06-06T05:17:22.0496683Z npm WARN EBADENGINE   package: '@typescript-eslint/utils@8.32.0',
2025-06-06T05:17:22.0497647Z npm WARN EBADENGINE   required: { node: '^18.18.0 || ^20.9.0 || >=21.1.0' },
2025-06-06T05:17:22.0498572Z npm WARN EBADENGINE   current: { node: 'v19.9.0', npm: '9.6.3' }
2025-06-06T05:17:22.0499559Z npm WARN EBADENGINE }
2025-06-06T05:17:22.0500095Z npm WARN EBADENGINE Unsupported engine {
2025-06-06T05:17:22.0500911Z npm WARN EBADENGINE   package: '@typescript-eslint/visitor-keys@8.32.0',
2025-06-06T05:17:22.0501955Z npm WARN EBADENGINE   required: { node: '^18.18.0 || ^20.9.0 || >=21.1.0' },
2025-06-06T05:17:22.0502885Z npm WARN EBADENGINE   current: { node: 'v19.9.0', npm: '9.6.3' }
2025-06-06T05:17:22.0503512Z npm WARN EBADENGINE }
2025-06-06T05:17:22.0515268Z npm WARN EBADENGINE Unsupported engine {
2025-06-06T05:17:22.0516383Z npm WARN EBADENGINE   package: 'eslint@9.26.0',
2025-06-06T05:17:22.0519108Z npm WARN EBADENGINE   required: { node: '^18.18.0 || ^20.9.0 || >=21.1.0' },
2025-06-06T05:17:22.0520073Z npm WARN EBADENGINE   current: { node: 'v19.9.0', npm: '9.6.3' }
2025-06-06T05:17:22.0521051Z npm WARN EBADENGINE }
2025-06-06T05:17:22.0521989Z npm WARN EBADENGINE Unsupported engine {
2025-06-06T05:17:22.0522873Z npm WARN EBADENGINE   package: 'eslint-plugin-n@17.17.0',
2025-06-06T05:17:22.0523906Z npm WARN EBADENGINE   required: { node: '^18.18.0 || ^20.9.0 || >=21.1.0' },
2025-06-06T05:17:22.0526110Z npm WARN EBADENGINE   current: { node: 'v19.9.0', npm: '9.6.3' }
2025-06-06T05:17:22.0528111Z npm WARN EBADENGINE }
2025-06-06T05:17:22.0528642Z npm WARN EBADENGINE Unsupported engine {
2025-06-06T05:17:22.0532144Z npm WARN EBADENGINE   package: 'eslint-scope@8.3.0',
2025-06-06T05:17:22.0533113Z npm WARN EBADENGINE   required: { node: '^18.18.0 || ^20.9.0 || >=21.1.0' },
2025-06-06T05:17:22.0534047Z npm WARN EBADENGINE   current: { node: 'v19.9.0', npm: '9.6.3' }
2025-06-06T05:17:22.0534670Z npm WARN EBADENGINE }
2025-06-06T05:17:22.0535225Z npm WARN EBADENGINE Unsupported engine {
2025-06-06T05:17:22.0535987Z npm WARN EBADENGINE   package: 'eslint-visitor-keys@4.2.0',
2025-06-06T05:17:22.0536925Z npm WARN EBADENGINE   required: { node: '^18.18.0 || ^20.9.0 || >=21.1.0' },
2025-06-06T05:17:22.0538145Z npm WARN EBADENGINE   current: { node: 'v19.9.0', npm: '9.6.3' }
2025-06-06T05:17:22.0539023Z npm WARN EBADENGINE }
2025-06-06T05:17:22.0539577Z npm WARN EBADENGINE Unsupported engine {
2025-06-06T05:17:22.0540239Z npm WARN EBADENGINE   package: 'espree@10.3.0',
2025-06-06T05:17:22.0541088Z npm WARN EBADENGINE   required: { node: '^18.18.0 || ^20.9.0 || >=21.1.0' },
2025-06-06T05:17:22.0541905Z npm WARN EBADENGINE   current: { node: 'v19.9.0', npm: '9.6.3' }
2025-06-06T05:17:22.0542272Z npm WARN EBADENGINE }
2025-06-06T05:17:22.0571458Z npm WARN EBADENGINE Unsupported engine {
2025-06-06T05:17:22.0572456Z npm WARN EBADENGINE   package: 'matrix-js-sdk@37.6.0',
2025-06-06T05:17:22.0574010Z npm WARN EBADENGINE   required: { node: '>=22.0.0' },
2025-06-06T05:17:22.0575201Z npm WARN EBADENGINE   current: { node: 'v19.9.0', npm: '9.6.3' }
2025-06-06T05:17:22.0576020Z npm WARN EBADENGINE }
2025-06-06T05:17:27.0465780Z npm WARN deprecated inflight@1.0.6: This module is not supported, and leaks memory. Do not use it. Check out lru-cache if you want a good and tested way to coalesce async requests by a key value, which is much more comprehensive and powerful.
2025-06-06T05:17:27.4997292Z npm WARN deprecated rimraf@3.0.2: Rimraf versions prior to v4 are no longer supported
2025-06-06T05:17:27.5378722Z npm WARN deprecated abab@2.0.6: Use your platform's native atob() and btoa() methods instead
2025-06-06T05:17:27.7859412Z npm WARN deprecated glob@7.2.3: Glob versions prior to v9 are no longer supported
2025-06-06T05:17:27.7874979Z npm WARN deprecated glob@7.2.3: Glob versions prior to v9 are no longer supported
2025-06-06T05:17:27.7887075Z npm WARN deprecated glob@7.2.3: Glob versions prior to v9 are no longer supported
2025-06-06T05:17:27.7927285Z npm WARN deprecated glob@7.2.3: Glob versions prior to v9 are no longer supported
2025-06-06T05:17:27.7942912Z npm WARN deprecated glob@7.2.3: Glob versions prior to v9 are no longer supported
2025-06-06T05:17:27.7961277Z npm WARN deprecated glob@7.2.3: Glob versions prior to v9 are no longer supported
2025-06-06T05:17:27.7999125Z npm WARN deprecated glob@7.2.3: Glob versions prior to v9 are no longer supported
2025-06-06T05:17:27.8011505Z npm WARN deprecated glob@7.2.3: Glob versions prior to v9 are no longer supported
2025-06-06T05:17:27.8037808Z npm WARN deprecated glob@7.2.3: Glob versions prior to v9 are no longer supported
2025-06-06T05:17:27.9650840Z npm WARN deprecated domexception@4.0.0: Use your platform's native DOMException instead
2025-06-06T05:17:37.9856655Z 
2025-06-06T05:17:37.9858915Z added 1611 packages, and audited 1612 packages in 17s
2025-06-06T05:17:37.9859373Z 
2025-06-06T05:17:37.9859561Z 241 packages are looking for funding
2025-06-06T05:17:37.9859899Z   run `npm fund` for details
2025-06-06T05:17:37.9892973Z 
2025-06-06T05:17:37.9893264Z 2 moderate severity vulnerabilities
2025-06-06T05:17:37.9893909Z 
2025-06-06T05:17:37.9894112Z Some issues need review, and may require choosing
2025-06-06T05:17:37.9894442Z a different dependency.
2025-06-06T05:17:37.9894587Z 
2025-06-06T05:17:37.9894724Z Run `npm audit` for details.
2025-06-06T05:17:38.1259441Z ##[group]Run actions/cache@v3
2025-06-06T05:17:38.1259747Z with:
2025-06-06T05:17:38.1259977Z   path: ~/.gradle/caches/
~/.gradle/wrapper/

2025-06-06T05:17:38.1260271Z   key: Linux-gradle-
2025-06-06T05:17:38.1260502Z   enableCrossOsArchive: false
2025-06-06T05:17:38.1260751Z   fail-on-cache-miss: false
2025-06-06T05:17:38.1260988Z   lookup-only: false
2025-06-06T05:17:38.1261184Z env:
2025-06-06T05:17:38.1261483Z   JAVA_HOME: /opt/hostedtoolcache/Java_Temurin-Hotspot_jdk/17.0.15-6/x64
2025-06-06T05:17:38.1261958Z   JAVA_HOME_17_X64: /opt/hostedtoolcache/Java_Temurin-Hotspot_jdk/17.0.15-6/x64
2025-06-06T05:17:38.1262316Z ##[endgroup]
2025-06-06T05:17:38.3659898Z Cache hit for: Linux-gradle-
2025-06-06T05:17:39.5691643Z Received 134217728 of 1767274956 (7.6%), 120.0 MBs/sec
2025-06-06T05:17:40.5695987Z Received 318767104 of 1767274956 (18.0%), 147.0 MBs/sec
2025-06-06T05:17:41.5713512Z Received 444596224 of 1767274956 (25.2%), 138.1 MBs/sec
2025-06-06T05:17:42.5760406Z Received 624951296 of 1767274956 (35.4%), 146.4 MBs/sec
2025-06-06T05:17:43.6364027Z Received 805306368 of 1767274956 (45.6%), 149.6 MBs/sec
2025-06-06T05:17:44.6368020Z Received 985661440 of 1767274956 (55.8%), 153.2 MBs/sec
2025-06-06T05:17:45.6399679Z Received 1153433600 of 1767274956 (65.3%), 154.1 MBs/sec
2025-06-06T05:17:46.6870428Z Received 1342177280 of 1767274956 (75.9%), 156.4 MBs/sec
2025-06-06T05:17:47.6867080Z Received 1514143744 of 1767274956 (85.7%), 157.2 MBs/sec
2025-06-06T05:17:48.6869584Z Received 1686110208 of 1767274956 (95.4%), 157.9 MBs/sec
2025-06-06T05:17:49.1802216Z Received 1767274956 of 1767274956 (100.0%), 157.8 MBs/sec
2025-06-06T05:17:49.1805273Z Cache Size: ~1685 MB (1767274956 B)
2025-06-06T05:17:49.1867129Z [command]/usr/bin/tar -xf /home/runner/work/_temp/5deb1d37-4665-492f-80ac-98616ac40b1f/cache.tzst -P -C /home/runner/work/CradleAI/CradleAI --use-compress-program unzstd
2025-06-06T05:17:59.6346600Z Cache restored successfully
2025-06-06T05:17:59.9403394Z Cache restored from key: Linux-gradle-
2025-06-06T05:17:59.9531242Z ##[group]Run if [ ! -d android ]; then
2025-06-06T05:17:59.9531590Z [36;1mif [ ! -d android ]; then[0m
2025-06-06T05:17:59.9531885Z [36;1m  echo "android 目录不存在，执行 expo prebuild"[0m
2025-06-06T05:17:59.9532213Z [36;1m  npx expo prebuild --platform android[0m
2025-06-06T05:17:59.9532487Z [36;1melse[0m
2025-06-06T05:17:59.9532705Z [36;1m  echo "android 目录已存在，跳过 prebuild"[0m
2025-06-06T05:17:59.9532962Z [36;1mfi[0m
2025-06-06T05:17:59.9584116Z shell: /usr/bin/bash -e {0}
2025-06-06T05:17:59.9584371Z env:
2025-06-06T05:17:59.9584682Z   JAVA_HOME: /opt/hostedtoolcache/Java_Temurin-Hotspot_jdk/17.0.15-6/x64
2025-06-06T05:17:59.9585154Z   JAVA_HOME_17_X64: /opt/hostedtoolcache/Java_Temurin-Hotspot_jdk/17.0.15-6/x64
2025-06-06T05:17:59.9585539Z ##[endgroup]
2025-06-06T05:17:59.9991372Z android 目录不存在，执行 expo prebuild
2025-06-06T05:18:01.0563986Z - Creating native directory (./android)
2025-06-06T05:18:02.2073235Z ✔ Created native directory
2025-06-06T05:18:02.2078679Z - Updating package.json
2025-06-06T05:18:02.2138307Z ✔ Updated package.json | no changes
2025-06-06T05:18:02.2139258Z - Running prebuild
2025-06-06T05:18:02.3770324Z » android: EDGE_TO_EDGE_PLUGIN: No configuration found for `edgeToEdgeEnabled` field in the project app config, falling back to false. In Android 16+ (targetSdkVersion 36) it will no longer be possible to disable edge-to-edge. Learn more: https://expo.fyi/edge-to-edge-rollout
2025-06-06T05:18:02.3772167Z - Running prebuild
2025-06-06T05:18:04.5842336Z » android: userInterfaceStyle: Install expo-system-ui in your project to enable this feature.
2025-06-06T05:18:04.5843467Z - Running prebuild
2025-06-06T05:18:04.5891614Z ✔ Finished prebuild
2025-06-06T05:18:04.6259695Z ##[group]Run mkdir -p android/app/src/main/res/xml/
2025-06-06T05:18:04.6260306Z [36;1mmkdir -p android/app/src/main/res/xml/[0m
2025-06-06T05:18:04.6260729Z [36;1mcp assets/network_security_config.xml android/app/src/main/res/xml/[0m
2025-06-06T05:18:04.6310870Z shell: /usr/bin/bash -e {0}
2025-06-06T05:18:04.6311128Z env:
2025-06-06T05:18:04.6311436Z   JAVA_HOME: /opt/hostedtoolcache/Java_Temurin-Hotspot_jdk/17.0.15-6/x64
2025-06-06T05:18:04.6311931Z   JAVA_HOME_17_X64: /opt/hostedtoolcache/Java_Temurin-Hotspot_jdk/17.0.15-6/x64
2025-06-06T05:18:04.6312305Z ##[endgroup]
2025-06-06T05:18:04.6449419Z ##[group]Run # 只插入一次 splits 配置，避免重复
2025-06-06T05:18:04.6449935Z [36;1m# 只插入一次 splits 配置，避免重复[0m
2025-06-06T05:18:04.6450460Z [36;1mif ! grep -q "splits {" android/app/build.gradle; then[0m
2025-06-06T05:18:04.6451469Z [36;1m  perl -i -pe 's/(android\s*\{)/\1\n  splits {\n    abi {\n      enable true\n      reset()\n      include "arm64-v8a"\n      universalApk true\n    }\n  }/' android/app/build.gradle[0m
2025-06-06T05:18:04.6452075Z [36;1mfi[0m
2025-06-06T05:18:04.6507956Z shell: /usr/bin/bash -e {0}
2025-06-06T05:18:04.6508220Z env:
2025-06-06T05:18:04.6508531Z   JAVA_HOME: /opt/hostedtoolcache/Java_Temurin-Hotspot_jdk/17.0.15-6/x64
2025-06-06T05:18:04.6509364Z   JAVA_HOME_17_X64: /opt/hostedtoolcache/Java_Temurin-Hotspot_jdk/17.0.15-6/x64
2025-06-06T05:18:04.6509737Z ##[endgroup]
2025-06-06T05:18:04.6673041Z ##[group]Run # 完全禁用ProGuard/R8来测试是否是混淆导致的闪退
2025-06-06T05:18:04.6673655Z [36;1m# 完全禁用ProGuard/R8来测试是否是混淆导致的闪退[0m
2025-06-06T05:18:04.6674162Z [36;1mecho "完全禁用ProGuard/R8进行测试构建"[0m
2025-06-06T05:18:04.6674621Z [36;1m[0m
2025-06-06T05:18:04.6674989Z [36;1m# 确保release配置中禁用了所有优化[0m
2025-06-06T05:18:04.6675616Z [36;1mif ! grep -q "minifyEnabled false" android/app/build.gradle; then[0m
2025-06-06T05:18:04.6676597Z [36;1m  perl -i -pe 's/(release\s*\{)/\1\n            minifyEnabled false\n            shrinkResources false/' android/app/build.gradle[0m
2025-06-06T05:18:04.6677378Z [36;1mfi[0m
2025-06-06T05:18:04.6677691Z [36;1m[0m
2025-06-06T05:18:04.6678068Z [36;1mecho "ProGuard已被禁用"[0m
2025-06-06T05:18:04.6752081Z shell: /usr/bin/bash -e {0}
2025-06-06T05:18:04.6752525Z env:
2025-06-06T05:18:04.6753075Z   JAVA_HOME: /opt/hostedtoolcache/Java_Temurin-Hotspot_jdk/17.0.15-6/x64
2025-06-06T05:18:04.6754004Z   JAVA_HOME_17_X64: /opt/hostedtoolcache/Java_Temurin-Hotspot_jdk/17.0.15-6/x64
2025-06-06T05:18:04.6754679Z ##[endgroup]
2025-06-06T05:18:04.6834782Z 完全禁用ProGuard/R8进行测试构建
2025-06-06T05:18:04.6871978Z ProGuard已被禁用
2025-06-06T05:18:04.6896648Z ##[group]Run mkdir -p android/app
2025-06-06T05:18:04.6897012Z [36;1mmkdir -p android/app[0m
2025-06-06T05:18:04.6912772Z [36;1mecho "***" | base64 -d > android/app/keystore.jks[0m
2025-06-06T05:18:04.6964936Z shell: /usr/bin/bash -e {0}
2025-06-06T05:18:04.6965196Z env:
2025-06-06T05:18:04.6965504Z   JAVA_HOME: /opt/hostedtoolcache/Java_Temurin-Hotspot_jdk/17.0.15-6/x64
2025-06-06T05:18:04.6965987Z   JAVA_HOME_17_X64: /opt/hostedtoolcache/Java_Temurin-Hotspot_jdk/17.0.15-6/x64
2025-06-06T05:18:04.6966386Z ##[endgroup]
2025-06-06T05:18:04.7132000Z ##[group]Run echo "KEYSTORE_PASSWORD=***" >> $GITHUB_ENV
2025-06-06T05:18:04.7132876Z [36;1mecho "KEYSTORE_PASSWORD=***" >> $GITHUB_ENV[0m
2025-06-06T05:18:04.7133629Z [36;1mecho "KEY_ALIAS=***" >> $GITHUB_ENV[0m
2025-06-06T05:18:04.7134345Z [36;1mecho "KEY_PASSWORD=***" >> $GITHUB_ENV[0m
2025-06-06T05:18:04.7197735Z shell: /usr/bin/bash -e {0}
2025-06-06T05:18:04.7197997Z env:
2025-06-06T05:18:04.7198307Z   JAVA_HOME: /opt/hostedtoolcache/Java_Temurin-Hotspot_jdk/17.0.15-6/x64
2025-06-06T05:18:04.7198988Z   JAVA_HOME_17_X64: /opt/hostedtoolcache/Java_Temurin-Hotspot_jdk/17.0.15-6/x64
2025-06-06T05:18:04.7199416Z ##[endgroup]
2025-06-06T05:18:04.7298684Z ##[group]Run cd android
2025-06-06T05:18:04.7299217Z [36;1mcd android[0m
2025-06-06T05:18:04.7299452Z [36;1m./gradlew assembleRelease \[0m
2025-06-06T05:18:04.7299737Z [36;1m  -PcdvAbi="arm64-v8a" \[0m
2025-06-06T05:18:04.7300111Z [36;1m  -Dorg.gradle.jvmargs="-Xmx4g -XX:MaxMetaspaceSize=512m" \[0m
2025-06-06T05:18:04.7300653Z [36;1m  --no-daemon \[0m
2025-06-06T05:18:04.7300886Z [36;1m  --stacktrace[0m
2025-06-06T05:18:04.7348355Z shell: /usr/bin/bash -e {0}
2025-06-06T05:18:04.7348610Z env:
2025-06-06T05:18:04.7349178Z   JAVA_HOME: /opt/hostedtoolcache/Java_Temurin-Hotspot_jdk/17.0.15-6/x64
2025-06-06T05:18:04.7349666Z   JAVA_HOME_17_X64: /opt/hostedtoolcache/Java_Temurin-Hotspot_jdk/17.0.15-6/x64
2025-06-06T05:18:04.7350153Z   KEYSTORE_PASSWORD: ***
2025-06-06T05:18:04.7350422Z   KEY_ALIAS: ***
2025-06-06T05:18:04.7350666Z   KEY_PASSWORD: ***
2025-06-06T05:18:04.7350879Z   NODE_ENV: production
2025-06-06T05:18:04.7351095Z ##[endgroup]
2025-06-06T05:18:05.9299792Z 
2025-06-06T05:18:05.9301975Z Welcome to Gradle 8.13!
2025-06-06T05:18:05.9302412Z 
2025-06-06T05:18:05.9304174Z Here are the highlights of this release:
2025-06-06T05:18:05.9304898Z  - Daemon JVM auto-provisioning
2025-06-06T05:18:05.9305797Z  - Enhancements for Scala plugin and JUnit testing
2025-06-06T05:18:05.9306917Z  - Improvements for build authors and plugin developers
2025-06-06T05:18:05.9307446Z 
2025-06-06T05:18:05.9310060Z For more details see https://docs.gradle.org/8.13/release-notes.html
2025-06-06T05:18:05.9310555Z 
2025-06-06T05:18:06.1302946Z To honour the JVM settings for this build a single-use Daemon process will be forked. For more on this, please refer to https://docs.gradle.org/8.13/userguide/gradle_daemon.html#sec:disabling_the_daemon in the Gradle documentation.
2025-06-06T05:18:07.5295604Z Daemon will be stopped at the end of the build 
2025-06-06T05:18:20.2315244Z > Task :gradle-plugin:settings-plugin:checkKotlinGradlePluginConfigurationErrors SKIPPED
2025-06-06T05:18:20.2317001Z > Task :gradle-plugin:shared:checkKotlinGradlePluginConfigurationErrors SKIPPED
2025-06-06T05:18:20.2319177Z > Task :expo-gradle-plugin:expo-autolinking-plugin-shared:checkKotlinGradlePluginConfigurationErrors
2025-06-06T05:18:20.7294656Z > Task :expo-gradle-plugin:expo-autolinking-plugin-shared:processResources NO-SOURCE
2025-06-06T05:18:20.7327447Z > Task :gradle-plugin:shared:processResources NO-SOURCE
2025-06-06T05:18:20.7328666Z > Task :expo-gradle-plugin:expo-autolinking-settings-plugin:checkKotlinGradlePluginConfigurationErrors
2025-06-06T05:18:20.7331034Z > Task :gradle-plugin:settings-plugin:pluginDescriptors
2025-06-06T05:18:20.7332450Z > Task :expo-gradle-plugin:expo-autolinking-settings-plugin:pluginDescriptors
2025-06-06T05:18:20.8293016Z > Task :gradle-plugin:settings-plugin:processResources
2025-06-06T05:18:20.8295215Z > Task :expo-gradle-plugin:expo-autolinking-settings-plugin:processResources
2025-06-06T05:18:31.9303476Z > Task :gradle-plugin:shared:compileKotlin
2025-06-06T05:18:31.9314804Z > Task :gradle-plugin:shared:compileJava NO-SOURCE
2025-06-06T05:18:31.9315585Z > Task :gradle-plugin:shared:classes UP-TO-DATE
2025-06-06T05:18:32.0299926Z > Task :gradle-plugin:shared:jar
2025-06-06T05:18:35.3289335Z > Task :expo-gradle-plugin:expo-autolinking-plugin-shared:compileKotlin
2025-06-06T05:18:35.3291114Z > Task :expo-gradle-plugin:expo-autolinking-plugin-shared:compileJava NO-SOURCE
2025-06-06T05:18:35.3292590Z > Task :expo-gradle-plugin:expo-autolinking-plugin-shared:classes UP-TO-DATE
2025-06-06T05:18:35.4289164Z > Task :expo-gradle-plugin:expo-autolinking-plugin-shared:jar
2025-06-06T05:18:36.5289380Z > Task :gradle-plugin:settings-plugin:compileKotlin
2025-06-06T05:18:36.6291225Z > Task :gradle-plugin:settings-plugin:compileJava NO-SOURCE
2025-06-06T05:18:36.6295415Z > Task :gradle-plugin:settings-plugin:classes
2025-06-06T05:18:36.6299483Z > Task :gradle-plugin:settings-plugin:jar
2025-06-06T05:18:39.7288732Z > Task :expo-gradle-plugin:expo-autolinking-settings-plugin:compileKotlin
2025-06-06T05:18:39.7290900Z > Task :expo-gradle-plugin:expo-autolinking-settings-plugin:compileJava NO-SOURCE
2025-06-06T05:18:39.7299068Z > Task :expo-gradle-plugin:expo-autolinking-settings-plugin:classes
2025-06-06T05:18:39.8292707Z > Task :expo-gradle-plugin:expo-autolinking-settings-plugin:jar
2025-06-06T05:18:42.3292533Z > Task :expo-gradle-plugin:expo-autolinking-plugin:checkKotlinGradlePluginConfigurationErrors
2025-06-06T05:18:42.3294068Z > Task :gradle-plugin:react-native-gradle-plugin:checkKotlinGradlePluginConfigurationErrors SKIPPED
2025-06-06T05:18:42.4292413Z > Task :expo-module-gradle-plugin:checkKotlinGradlePluginConfigurationErrors
2025-06-06T05:18:42.4295428Z > Task :expo-module-gradle-plugin:pluginDescriptors
2025-06-06T05:18:42.4297202Z > Task :expo-module-gradle-plugin:processResources
2025-06-06T05:18:42.4300134Z > Task :expo-gradle-plugin:expo-autolinking-plugin:pluginDescriptors
2025-06-06T05:18:42.4302603Z > Task :expo-gradle-plugin:expo-autolinking-plugin:processResources
2025-06-06T05:18:42.5295022Z > Task :gradle-plugin:react-native-gradle-plugin:pluginDescriptors
2025-06-06T05:18:42.5356068Z > Task :gradle-plugin:react-native-gradle-plugin:processResources
2025-06-06T05:18:46.3293183Z 
2025-06-06T05:18:46.3294459Z > Task :expo-gradle-plugin:expo-autolinking-plugin:compileKotlin
2025-06-06T05:18:46.3300141Z w: file:///home/runner/work/CradleAI/CradleAI/node_modules/expo-modules-autolinking/android/expo-gradle-plugin/expo-autolinking-plugin/src/main/kotlin/expo/modules/plugin/ExpoAutolinkingPlugin.kt:29:71 Name shadowed: project
2025-06-06T05:18:46.3302257Z 
2025-06-06T05:18:46.3308294Z > Task :expo-gradle-plugin:expo-autolinking-plugin:compileJava NO-SOURCE
2025-06-06T05:18:46.3313347Z > Task :expo-gradle-plugin:expo-autolinking-plugin:classes
2025-06-06T05:18:46.4289717Z > Task :expo-gradle-plugin:expo-autolinking-plugin:jar
2025-06-06T05:18:50.0320459Z > Task :gradle-plugin:react-native-gradle-plugin:compileKotlin
2025-06-06T05:18:50.0322338Z > Task :gradle-plugin:react-native-gradle-plugin:compileJava NO-SOURCE
2025-06-06T05:18:50.0323488Z > Task :gradle-plugin:react-native-gradle-plugin:classes
2025-06-06T05:18:50.0324551Z > Task :gradle-plugin:react-native-gradle-plugin:jar
2025-06-06T05:18:52.4315445Z 
2025-06-06T05:18:52.4323334Z > Task :expo-module-gradle-plugin:compileKotlin
2025-06-06T05:18:52.4326334Z w: file:///home/runner/work/CradleAI/CradleAI/node_modules/expo-modules-core/expo-module-gradle-plugin/src/main/kotlin/expo/modules/plugin/android/AndroidLibraryExtension.kt:9:24 'targetSdk: Int?' is deprecated. Will be removed from library DSL in v9.0. Use testOptions.targetSdk or/and lint.targetSdk instead
2025-06-06T05:18:52.4328323Z 
2025-06-06T05:18:52.4334731Z > Task :expo-module-gradle-plugin:compileJava NO-SOURCE
2025-06-06T05:18:52.4335489Z > Task :expo-module-gradle-plugin:classes
2025-06-06T05:18:52.5309213Z > Task :expo-module-gradle-plugin:jar
2025-06-06T05:18:53.5289410Z 
2025-06-06T05:18:53.5292320Z > Configure project :
2025-06-06T05:18:53.5296461Z [32m[ExpoRootProject][0m Using the following versions:
2025-06-06T05:18:53.5313449Z   - buildTools:  [32m35.0.0[0m
2025-06-06T05:18:53.5315291Z   - minSdk:      [32m24[0m
2025-06-06T05:18:53.5317190Z   - compileSdk:  [32m35[0m
2025-06-06T05:18:53.5319191Z   - targetSdk:   [32m35[0m
2025-06-06T05:18:53.5321006Z   - ndk:         [32m27.1.12297006[0m
2025-06-06T05:18:53.5322803Z   - kotlin:      [32m2.0.21[0m
2025-06-06T05:18:53.5325142Z   - ksp:         [32m2.0.21-1.0.28[0m
2025-06-06T05:18:59.6287260Z 
2025-06-06T05:18:59.6304460Z > Configure project :expo
2025-06-06T05:18:59.6306716Z 
2025-06-06T05:18:59.6306975Z Using expo modules
2025-06-06T05:18:59.6307720Z   - [32mexpo-constants[0m (17.1.6)
2025-06-06T05:18:59.6308316Z   - [32mexpo-file-system[0m (18.1.10)
2025-06-06T05:18:59.6309098Z   - [32mexpo-image-loader[0m (5.1.0)
2025-06-06T05:18:59.6309745Z   - [32mexpo-image-manipulator[0m (13.1.7)
2025-06-06T05:18:59.6310319Z   - [32mexpo-linking[0m (7.1.5)
2025-06-06T05:19:17.6287152Z 
2025-06-06T05:19:17.6340238Z > Configure project :expo-modules-core
2025-06-06T05:19:17.6387036Z Checking the license for package NDK (Side by side) 27.1.12297006 in /usr/local/lib/android/sdk/licenses
2025-06-06T05:19:17.6388720Z License for package NDK (Side by side) 27.1.12297006 accepted.
2025-06-06T05:19:17.6389980Z Preparing "Install NDK (Side by side) 27.1.12297006 v.27.1.12297006".
2025-06-06T05:19:17.6391415Z "Install NDK (Side by side) 27.1.12297006 v.27.1.12297006" ready.
2025-06-06T05:19:17.6392541Z Installing NDK (Side by side) 27.1.12297006 in /usr/local/lib/android/sdk/ndk/27.1.12297006
2025-06-06T05:19:17.6393628Z "Install NDK (Side by side) 27.1.12297006 v.27.1.12297006" complete.
2025-06-06T05:19:17.6394598Z "Install NDK (Side by side) 27.1.12297006 v.27.1.12297006" finished.
2025-06-06T05:19:17.6395185Z 
2025-06-06T05:19:17.6395547Z > Configure project :expo
2025-06-06T05:19:17.6396499Z   - [32mexpo-modules-core[0m (2.4.0)
2025-06-06T05:19:17.6397363Z   - [33m[📦][0m [32mexpo-asset[0m (11.1.5)
2025-06-06T05:19:17.6398179Z   - [33m[📦][0m [32mexpo-av[0m (15.1.5)
2025-06-06T05:19:17.6399108Z   - [33m[📦][0m [32mexpo-blur[0m (14.1.5)
2025-06-06T05:19:17.6399916Z   - [33m[📦][0m [32mexpo-clipboard[0m (7.1.4)
2025-06-06T05:19:17.6400730Z   - [33m[📦][0m [32mexpo-crypto[0m (14.1.4)
2025-06-06T05:19:17.6420953Z   - [33m[📦][0m [32mexpo-device[0m (7.1.4)
2025-06-06T05:19:17.6422217Z   - [33m[📦][0m [32mexpo-document-picker[0m (13.1.5)
2025-06-06T05:19:17.6423420Z   - [33m[📦][0m [32mexpo-font[0m (13.3.1)
2025-06-06T05:19:17.6424284Z   - [33m[📦][0m [32mexpo-haptics[0m (14.1.4)
2025-06-06T05:19:17.6424900Z   - [33m[📦][0m [32mexpo-image[0m (2.2.0)
2025-06-06T05:19:17.6425519Z   - [33m[📦][0m [32mexpo-image-picker[0m (16.1.4)
2025-06-06T05:19:17.6426151Z   - [33m[📦][0m [32mexpo-keep-awake[0m (14.1.4)
2025-06-06T05:19:17.6426802Z   - [33m[📦][0m [32mexpo-linear-gradient[0m (14.1.5)
2025-06-06T05:19:17.6427452Z   - [33m[📦][0m [32mexpo-media-library[0m (17.1.7)
2025-06-06T05:19:17.6428111Z   - [33m[📦][0m [32mexpo-sharing[0m (13.1.5)
2025-06-06T05:19:17.6429065Z   - [33m[📦][0m [32mexpo-splash-screen[0m (0.30.9)
2025-06-06T05:19:17.6429766Z   - [33m[📦][0m [32mexpo-sqlite[0m (15.2.11)
2025-06-06T05:19:17.6430387Z   - [33m[📦][0m [32mexpo-video[0m (2.2.0)
2025-06-06T05:19:17.6431060Z   - [33m[📦][0m [32mexpo-web-browser[0m (14.1.6)
2025-06-06T05:19:17.6431390Z 
2025-06-06T05:19:21.7293075Z 
2025-06-06T05:19:21.7293689Z > Configure project :react-native-reanimated
2025-06-06T05:19:21.7294364Z Android gradle plugin: 8.8.2
2025-06-06T05:19:21.7294772Z Gradle: 8.13
2025-06-06T05:19:23.7286910Z 
2025-06-06T05:19:23.7307101Z > Configure project :react-native-video
2025-06-06T05:19:23.7307822Z Kotlin version is correct: 2.0.21
2025-06-06T05:19:23.7309221Z AndroidX version is correct: 1.9.3
2025-06-06T05:19:23.7309717Z useExoplayerIMA: false
2025-06-06T05:19:23.7310213Z useExoplayerSmoothStreaming: true
2025-06-06T05:19:23.7310686Z useExoplayerDash: true
2025-06-06T05:19:23.7311132Z useExoplayerHls: true
2025-06-06T05:19:23.7321469Z useExoplayerRtsp: false
2025-06-06T05:19:23.7321969Z buildFromSource: false
2025-06-06T05:19:27.5289562Z 
2025-06-06T05:19:27.5292412Z > Task :app:buildKotlinToolingMetadata
2025-06-06T05:19:27.5301012Z > Task :app:checkKotlinGradlePluginConfigurationErrors SKIPPED
2025-06-06T05:19:27.6289651Z > Task :app:generateAutolinkingPackageList
2025-06-06T05:19:27.6302417Z > Task :app:generateCodegenSchemaFromJavaScript SKIPPED
2025-06-06T05:19:27.6303234Z > Task :app:generateCodegenArtifactsFromSchema SKIPPED
2025-06-06T05:19:27.6305642Z > Task :app:preBuild
2025-06-06T05:19:27.6306305Z > Task :app:preReleaseBuild
2025-06-06T05:19:27.6306997Z > Task :app:generateReleaseBuildConfig
2025-06-06T05:19:28.0291634Z > Task :expo:generatePackagesList
2025-06-06T05:19:28.0296129Z > Task :expo:preBuild
2025-06-06T05:19:28.0300368Z > Task :expo:preReleaseBuild
2025-06-06T05:19:28.0303154Z > Task :expo:writeReleaseAarMetadata
2025-06-06T05:19:28.3297681Z > Task :expo-constants:createExpoConfig
2025-06-06T05:19:28.3302042Z > Task :expo-constants:preBuild
2025-06-06T05:19:28.3302609Z > Task :expo-constants:preReleaseBuild
2025-06-06T05:19:28.3303220Z > Task :expo-file-system:preBuild UP-TO-DATE
2025-06-06T05:19:28.3303819Z > Task :expo-file-system:preReleaseBuild UP-TO-DATE
2025-06-06T05:19:28.3304809Z > Task :expo-constants:writeReleaseAarMetadata
2025-06-06T05:19:28.3305392Z > Task :expo-image-loader:preBuild UP-TO-DATE
2025-06-06T05:19:28.3306041Z > Task :expo-image-loader:preReleaseBuild UP-TO-DATE
2025-06-06T05:19:28.3325670Z > Task :expo-file-system:writeReleaseAarMetadata
2025-06-06T05:19:28.3326469Z > Task :expo-image-manipulator:preBuild UP-TO-DATE
2025-06-06T05:19:28.3327261Z > Task :expo-image-manipulator:preReleaseBuild UP-TO-DATE
2025-06-06T05:19:28.3327999Z > Task :expo-image-loader:writeReleaseAarMetadata
2025-06-06T05:19:28.3328650Z > Task :expo-linking:preBuild UP-TO-DATE
2025-06-06T05:19:28.3329558Z > Task :expo-linking:preReleaseBuild UP-TO-DATE
2025-06-06T05:19:28.3330284Z > Task :expo-image-manipulator:writeReleaseAarMetadata
2025-06-06T05:19:28.3330997Z > Task :expo-linking:writeReleaseAarMetadata
2025-06-06T05:19:28.3334472Z > Task :expo-modules-core:preBuild UP-TO-DATE
2025-06-06T05:19:28.3335237Z > Task :expo-modules-core:preReleaseBuild UP-TO-DATE
2025-06-06T05:19:28.3335976Z > Task :expo-modules-core:writeReleaseAarMetadata
2025-06-06T05:19:28.3336804Z > Task :react-native-async-storage_async-storage:preBuild UP-TO-DATE
2025-06-06T05:19:28.3337782Z > Task :react-native-async-storage_async-storage:preReleaseBuild UP-TO-DATE
2025-06-06T05:19:28.4302669Z > Task :react-native-async-storage_async-storage:writeReleaseAarMetadata
2025-06-06T05:19:28.4305296Z > Task :react-native-community_datetimepicker:preBuild UP-TO-DATE
2025-06-06T05:19:28.4306658Z > Task :react-native-community_datetimepicker:preReleaseBuild UP-TO-DATE
2025-06-06T05:19:28.4307599Z > Task :react-native-community_slider:preBuild UP-TO-DATE
2025-06-06T05:19:28.4308444Z > Task :react-native-community_slider:preReleaseBuild UP-TO-DATE
2025-06-06T05:19:28.4309463Z > Task :react-native-community_datetimepicker:writeReleaseAarMetadata
2025-06-06T05:19:28.4310224Z > Task :react-native-community_slider:writeReleaseAarMetadata
2025-06-06T05:19:28.4310862Z > Task :react-native-device-info:preBuild UP-TO-DATE
2025-06-06T05:19:28.4311551Z > Task :react-native-device-info:preReleaseBuild UP-TO-DATE
2025-06-06T05:19:28.4312268Z > Task :react-native-gesture-handler:preBuild UP-TO-DATE
2025-06-06T05:19:28.4312959Z > Task :react-native-gesture-handler:preReleaseBuild UP-TO-DATE
2025-06-06T05:19:28.4313632Z > Task :react-native-device-info:writeReleaseAarMetadata
2025-06-06T05:19:28.4314273Z > Task :react-native-get-random-values:preBuild UP-TO-DATE
2025-06-06T05:19:28.4314940Z > Task :react-native-gesture-handler:writeReleaseAarMetadata
2025-06-06T05:19:28.4315646Z > Task :react-native-get-random-values:preReleaseBuild UP-TO-DATE
2025-06-06T05:19:28.4316300Z > Task :react-native-picker_picker:preBuild UP-TO-DATE
2025-06-06T05:19:28.4336935Z > Task :react-native-get-random-values:writeReleaseAarMetadata
2025-06-06T05:19:28.4337829Z > Task :react-native-picker_picker:preReleaseBuild UP-TO-DATE
2025-06-06T05:19:28.4338980Z > Task :react-native-reanimated:assertMinimalReactNativeVersionTask SKIPPED
2025-06-06T05:19:28.4339928Z > Task :react-native-picker_picker:writeReleaseAarMetadata
2025-06-06T05:19:28.4340771Z > Task :react-native-reanimated:prepareReanimatedHeadersForPrefabs
2025-06-06T05:19:28.4341656Z > Task :react-native-reanimated:prepareWorkletsHeadersForPrefabs
2025-06-06T05:19:28.4342362Z > Task :react-native-reanimated:preBuild
2025-06-06T05:19:28.4342974Z > Task :react-native-reanimated:preReleaseBuild
2025-06-06T05:19:28.4343705Z > Task :react-native-safe-area-context:preBuild UP-TO-DATE
2025-06-06T05:19:28.4344542Z > Task :react-native-safe-area-context:preReleaseBuild UP-TO-DATE
2025-06-06T05:19:28.4345331Z > Task :react-native-reanimated:writeReleaseAarMetadata
2025-06-06T05:19:28.4346357Z > Task :react-native-screens:preBuild UP-TO-DATE
2025-06-06T05:19:28.4347061Z > Task :react-native-screens:preReleaseBuild UP-TO-DATE
2025-06-06T05:19:28.4347836Z > Task :react-native-safe-area-context:writeReleaseAarMetadata
2025-06-06T05:19:28.4348540Z > Task :react-native-svg:preBuild UP-TO-DATE
2025-06-06T05:19:28.4349635Z > Task :react-native-screens:writeReleaseAarMetadata
2025-06-06T05:19:28.4350326Z > Task :react-native-svg:preReleaseBuild UP-TO-DATE
2025-06-06T05:19:28.4350985Z > Task :react-native-video:preBuild UP-TO-DATE
2025-06-06T05:19:28.4351644Z > Task :react-native-video:preReleaseBuild UP-TO-DATE
2025-06-06T05:19:28.4352312Z > Task :react-native-svg:writeReleaseAarMetadata
2025-06-06T05:19:28.5355816Z > Task :react-native-webview:preBuild UP-TO-DATE
2025-06-06T05:19:28.5357102Z > Task :react-native-webview:preReleaseBuild UP-TO-DATE
2025-06-06T05:19:28.5358155Z > Task :react-native-video:writeReleaseAarMetadata
2025-06-06T05:19:28.5359295Z > Task :react-native-webview:writeReleaseAarMetadata
2025-06-06T05:19:37.1293856Z > Task :app:checkReleaseAarMetadata
2025-06-06T05:19:39.1288113Z 
2025-06-06T05:19:39.1289353Z > Task :app:createBundleReleaseJsAndAssets
2025-06-06T05:19:39.1290081Z Starting Metro Bundler
2025-06-06T05:19:41.8290073Z Android node_modules/expo-router/entry.js ▓▓▓▓░░░░░░░░░░░░ 28.0% ( 51/217)
2025-06-06T05:19:45.3289950Z Android node_modules/expo-router/entry.js ▓▓▓▓▓▓░░░░░░░░░░ 41.3% (342/532)
2025-06-06T05:19:48.8289190Z Android node_modules/expo-router/entry.js ▓▓▓▓▓▓░░░░░░░░░░ 42.0% (403/682)
2025-06-06T05:19:52.3313226Z Android node_modules/expo-router/entry.js ▓▓▓▓▓▓▓▓░░░░░░░░ 50.4% (578/814)
2025-06-06T05:19:55.8293584Z Android node_modules/expo-router/entry.js ▓▓▓▓▓▓▓▓░░░░░░░░ 52.5% (649/951)
2025-06-06T05:19:59.3290265Z Android node_modules/expo-router/entry.js ▓▓▓▓▓▓▓▓░░░░░░░░ 52.5% ( 691/1008)
2025-06-06T05:20:02.8289808Z Android node_modules/expo-router/entry.js ▓▓▓▓▓▓▓▓░░░░░░░░ 52.5% ( 861/1196)
2025-06-06T05:20:06.3289330Z Android node_modules/expo-router/entry.js ▓▓▓▓▓▓▓▓░░░░░░░░ 52.5% ( 997/1690)
2025-06-06T05:20:09.8333266Z Android node_modules/expo-router/entry.js ▓▓▓▓▓▓▓▓░░░░░░░░ 52.5% (1563/2303)
2025-06-06T05:20:13.4294998Z Android node_modules/expo-router/entry.js ▓▓▓▓▓▓▓▓▓▓▓░░░░░ 73.0% (2116/2476)
2025-06-06T05:20:16.9289785Z Android node_modules/expo-router/entry.js ▓▓▓▓▓▓▓▓▓▓▓▓░░░░ 80.7% (2327/2590)
2025-06-06T05:20:20.4289911Z Android node_modules/expo-router/entry.js ▓▓▓▓▓▓▓▓▓▓▓▓▓░░░ 84.2% (2667/3006)
2025-06-06T05:20:23.9289119Z Android node_modules/expo-router/entry.js ▓▓▓▓▓▓▓▓▓▓▓▓▓▓░░ 91.5% (3065/3204)
2025-06-06T05:20:27.1292006Z Android Bundling failed 47323ms node_modules/expo-router/entry.js (3703 modules)
2025-06-06T05:20:27.1310984Z SyntaxError: node_modules/@matrix-org/matrix-sdk-crypto-wasm/index.mjs: /home/runner/work/CradleAI/CradleAI/node_modules/@matrix-org/matrix-sdk-crypto-wasm/index.mjs: `import.meta` is not supported in Hermes. Enable the polyfill `unstable_transformImportMeta` in babel-preset-expo to use this syntax.
2025-06-06T05:20:27.1323768Z 
2025-06-06T05:20:27.1350768Z [0m [90m 22 |[39m [36mimport[39m [33m*[39m [36mas[39m bindings [36mfrom[39m [32m"./pkg/matrix_sdk_crypto_wasm_bg.js"[39m[33m;[39m
2025-06-06T05:20:27.1351986Z > Task :app:createBundleReleaseJsAndAssets FAILED
2025-06-06T05:20:27.1353046Z  [90m 23 |[39m
2025-06-06T05:20:27.1354998Z [31m[1m>[22m[39m[90m 24 |[39m [36mconst[39m defaultURL [33m=[39m [36mnew[39m [33mURL[39m([32m"./pkg/matrix_sdk_crypto_wasm_bg.wasm"[39m[33m,[39m [36mimport[39m[33m.[39mmeta[33m.[39murl)[33m;[39m
2025-06-06T05:20:27.1357548Z  [90m    |[39m                                                                    [31m[1m^[22m[39m[31m[1m^[22m[39m[31m[1m^[22m[39m[31m[1m^[22m[39m[31m[1m^[22m[39m[31m[1m^[22m[39m[31m[1m^[22m[39m[31m[1m^[22m[39m[31m[1m^[22m[39m[31m[1m^[22m[39m[31m[1m^[22m[39m
2025-06-06T05:20:27.1389311Z  [90m 25 |[39m
2025-06-06T05:20:27.1403568Z  [90m 26 |[39m [90m// Although we could simply instantiate the WASM at import time with a top-level `await`,[39m
2025-06-06T05:20:27.1404949Z  [90m 27 |[39m [90m// we avoid that, to make it easier for callers to delay loading the WASM (and instead[39m[0m
2025-06-06T05:20:27.1407319Z SyntaxError: /home/runner/work/CradleAI/CradleAI/node_modules/@matrix-org/matrix-sdk-crypto-wasm/index.mjs: `import.meta` is not supported in Hermes. Enable the polyfill `unstable_transformImportMeta` in babel-preset-expo to use this syntax.
2025-06-06T05:20:27.1410282Z [0m [90m 22 |[39m [36mimport[39m [33m*[39m [36mas[39m bindings [36mfrom[39m [32m"./pkg/matrix_sdk_crypto_wasm_bg.js"[39m[33m;[39m
2025-06-06T05:20:27.1411148Z  [90m 23 |[39m
2025-06-06T05:20:27.1412815Z [31m[1m>[22m[39m[90m 24 |[39m [36mconst[39m defaultURL [33m=[39m [36mnew[39m [33mURL[39m([32m"./pkg/matrix_sdk_crypto_wasm_bg.wasm"[39m[33m,[39m [36mimport[39m[33m.[39mmeta[33m.[39murl)[33m;[39m
2025-06-06T05:20:27.1415130Z  [90m    |[39m                                                                    [31m[1m^[22m[39m[31m[1m^[22m[39m[31m[1m^[22m[39m[31m[1m^[22m[39m[31m[1m^[22m[39m[31m[1m^[22m[39m[31m[1m^[22m[39m[31m[1m^[22m[39m[31m[1m^[22m[39m[31m[1m^[22m[39m[31m[1m^[22m[39m
2025-06-06T05:20:27.1416154Z  [90m 25 |[39m
2025-06-06T05:20:27.1417144Z  [90m 26 |[39m [90m// Although we could simply instantiate the WASM at import time with a top-level `await`,[39m
2025-06-06T05:20:27.1418493Z  [90m 27 |[39m [90m// we avoid that, to make it easier for callers to delay loading the WASM (and instead[39m[0m
2025-06-06T05:20:27.1420011Z     at File.buildCodeFrameError (/home/runner/work/CradleAI/CradleAI/node_modules/@babel/core/lib/transformation/file/file.js:193:12)
2025-06-06T05:20:27.1421581Z     at NodePath.buildCodeFrameError (/home/runner/work/CradleAI/CradleAI/node_modules/@babel/traverse/lib/path/index.js:118:21)
2025-06-06T05:20:27.1423371Z     at PluginPass.MetaProperty (/home/runner/work/CradleAI/CradleAI/node_modules/babel-preset-expo/build/import-meta-transform-plugin.js:18:44)
2025-06-06T05:20:27.1424935Z     at newFn (/home/runner/work/CradleAI/CradleAI/node_modules/@babel/traverse/lib/visitors.js:172:14)
2025-06-06T05:20:27.1426262Z     at NodePath._call (/home/runner/work/CradleAI/CradleAI/node_modules/@babel/traverse/lib/path/context.js:49:20)
2025-06-06T05:20:27.1427573Z     at NodePath.call (/home/runner/work/CradleAI/CradleAI/node_modules/@babel/traverse/lib/path/context.js:39:18)
2025-06-06T05:20:27.1429141Z     at NodePath.visit (/home/runner/work/CradleAI/CradleAI/node_modules/@babel/traverse/lib/path/context.js:88:31)
2025-06-06T05:20:27.1430634Z     at TraversalContext.visitQueue (/home/runner/work/CradleAI/CradleAI/node_modules/@babel/traverse/lib/context.js:90:16)
2025-06-06T05:20:27.1432214Z     at TraversalContext.visitSingle (/home/runner/work/CradleAI/CradleAI/node_modules/@babel/traverse/lib/context.js:66:19)
2025-06-06T05:20:27.1433737Z     at TraversalContext.visit (/home/runner/work/CradleAI/CradleAI/node_modules/@babel/traverse/lib/context.js:113:19)
2025-06-06T05:20:27.1435177Z     at traverseNode (/home/runner/work/CradleAI/CradleAI/node_modules/@babel/traverse/lib/traverse-node.js:131:17)
2025-06-06T05:20:27.1436561Z     at NodePath.visit (/home/runner/work/CradleAI/CradleAI/node_modules/@babel/traverse/lib/path/context.js:94:52)
2025-06-06T05:20:27.1438071Z     at TraversalContext.visitQueue (/home/runner/work/CradleAI/CradleAI/node_modules/@babel/traverse/lib/context.js:90:16)
2025-06-06T05:20:27.1439832Z     at TraversalContext.visitMultiple (/home/runner/work/CradleAI/CradleAI/node_modules/@babel/traverse/lib/context.js:62:17)
2025-06-06T05:20:27.1441370Z     at TraversalContext.visit (/home/runner/work/CradleAI/CradleAI/node_modules/@babel/traverse/lib/context.js:111:19)
2025-06-06T05:20:27.1442801Z     at traverseNode (/home/runner/work/CradleAI/CradleAI/node_modules/@babel/traverse/lib/traverse-node.js:131:17)
2025-06-06T05:20:27.1444475Z     at NodePath.visit (/home/runner/work/CradleAI/CradleAI/node_modules/@babel/traverse/lib/path/context.js:94:52)
2025-06-06T05:20:27.1446030Z     at TraversalContext.visitQueue (/home/runner/work/CradleAI/CradleAI/node_modules/@babel/traverse/lib/context.js:90:16)
2025-06-06T05:20:27.1447607Z     at TraversalContext.visitSingle (/home/runner/work/CradleAI/CradleAI/node_modules/@babel/traverse/lib/context.js:66:19)
2025-06-06T05:20:27.1449649Z     at TraversalContext.visit (/home/runner/work/CradleAI/CradleAI/node_modules/@babel/traverse/lib/context.js:113:19)
2025-06-06T05:20:27.1451157Z     at traverseNode (/home/runner/work/CradleAI/CradleAI/node_modules/@babel/traverse/lib/traverse-node.js:131:17)
2025-06-06T05:20:27.1452591Z     at NodePath.visit (/home/runner/work/CradleAI/CradleAI/node_modules/@babel/traverse/lib/path/context.js:94:52)
2025-06-06T05:20:27.1454057Z     at TraversalContext.visitQueue (/home/runner/work/CradleAI/CradleAI/node_modules/@babel/traverse/lib/context.js:90:16)
2025-06-06T05:20:27.1455658Z     at TraversalContext.visitMultiple (/home/runner/work/CradleAI/CradleAI/node_modules/@babel/traverse/lib/context.js:62:17)
2025-06-06T05:20:27.1457185Z     at TraversalContext.visit (/home/runner/work/CradleAI/CradleAI/node_modules/@babel/traverse/lib/context.js:111:19)
2025-06-06T05:20:27.1458626Z     at traverseNode (/home/runner/work/CradleAI/CradleAI/node_modules/@babel/traverse/lib/traverse-node.js:131:17)
2025-06-06T05:20:27.1460259Z     at NodePath.visit (/home/runner/work/CradleAI/CradleAI/node_modules/@babel/traverse/lib/path/context.js:94:52)
2025-06-06T05:20:27.1461754Z     at TraversalContext.visitQueue (/home/runner/work/CradleAI/CradleAI/node_modules/@babel/traverse/lib/context.js:90:16)
2025-06-06T05:20:27.1463332Z     at TraversalContext.visitMultiple (/home/runner/work/CradleAI/CradleAI/node_modules/@babel/traverse/lib/context.js:62:17)
2025-06-06T05:20:27.1464858Z     at TraversalContext.visit (/home/runner/work/CradleAI/CradleAI/node_modules/@babel/traverse/lib/context.js:111:19)
2025-06-06T05:20:27.1466268Z     at traverseNode (/home/runner/work/CradleAI/CradleAI/node_modules/@babel/traverse/lib/traverse-node.js:131:17)
2025-06-06T05:20:27.1467660Z     at NodePath.visit (/home/runner/work/CradleAI/CradleAI/node_modules/@babel/traverse/lib/path/context.js:94:52)
2025-06-06T05:20:27.1469359Z     at TraversalContext.visitQueue (/home/runner/work/CradleAI/CradleAI/node_modules/@babel/traverse/lib/context.js:90:16)
2025-06-06T05:20:27.1471155Z     at TraversalContext.visitSingle (/home/runner/work/CradleAI/CradleAI/node_modules/@babel/traverse/lib/context.js:66:19)
2025-06-06T05:20:27.1472720Z     at TraversalContext.visit (/home/runner/work/CradleAI/CradleAI/node_modules/@babel/traverse/lib/context.js:113:19)
2025-06-06T05:20:27.1474424Z     at traverseNode (/home/runner/work/CradleAI/CradleAI/node_modules/@babel/traverse/lib/traverse-node.js:131:17)
2025-06-06T05:20:27.1475765Z     at traverse (/home/runner/work/CradleAI/CradleAI/node_modules/@babel/traverse/lib/index.js:53:34)
2025-06-06T05:20:27.1477292Z     at transformFile (/home/runner/work/CradleAI/CradleAI/node_modules/@babel/core/lib/transformation/index.js:80:31)
2025-06-06T05:20:27.1478273Z     at transformFile.next (<anonymous>)
2025-06-06T05:20:27.1479399Z     at run (/home/runner/work/CradleAI/CradleAI/node_modules/@babel/core/lib/transformation/index.js:25:12)
2025-06-06T05:20:27.1480285Z     at run.next (<anonymous>)
2025-06-06T05:20:27.1481172Z     at transform (/home/runner/work/CradleAI/CradleAI/node_modules/@babel/core/lib/transform.js:22:33)
2025-06-06T05:20:27.1482038Z     at transform.next (<anonymous>)
2025-06-06T05:20:27.1482872Z     at evaluateSync (/home/runner/work/CradleAI/CradleAI/node_modules/gensync/index.js:251:28)
2025-06-06T05:20:27.1483941Z     at sync (/home/runner/work/CradleAI/CradleAI/node_modules/gensync/index.js:89:14)
2025-06-06T05:20:27.1485360Z     at stopHiding - secret - don't use this - v1 (/home/runner/work/CradleAI/CradleAI/node_modules/@babel/core/lib/errors/rewrite-stack-trace.js:47:12)
2025-06-06T05:20:27.1487185Z     at Object.transformSync (/home/runner/work/CradleAI/CradleAI/node_modules/@babel/core/lib/transform.js:42:76)
2025-06-06T05:20:27.1488669Z     at parseWithBabel (/home/runner/work/CradleAI/CradleAI/node_modules/@expo/metro-config/build/transformSync.js:75:18)
2025-06-06T05:20:27.1490386Z     at transformSync (/home/runner/work/CradleAI/CradleAI/node_modules/@expo/metro-config/build/transformSync.js:64:12)
2025-06-06T05:20:27.2287877Z 
2025-06-06T05:20:27.2311174Z 
2025-06-06T05:20:27.2312518Z [Incubating] Problems report is available at: file:///home/runner/work/CradleAI/CradleAI/android/build/reports/problems/problems-report.html
2025-06-06T05:20:27.2315285Z FAILURE: Build failed with an exception.
2025-06-06T05:20:27.2316240Z 
2025-06-06T05:20:27.2316607Z * What went wrong:
2025-06-06T05:20:27.2317490Z Execution failed for task ':app:createBundleReleaseJsAndAssets'.
2025-06-06T05:20:27.2320809Z > Process 'command 'node'' finished with non-zero exit value 1
2025-06-06T05:20:27.2321368Z 
2025-06-06T05:20:27.2321712Z * Try:
2025-06-06T05:20:27.2322577Z > Run with --info or --debug option to get more log output.
2025-06-06T05:20:27.2323594Z > Run with --scan to get full insights.
2025-06-06T05:20:27.2324421Z > Get more help at https://help.gradle.org.
2025-06-06T05:20:27.2325002Z 
2025-06-06T05:20:27.2325369Z * Exception is:
2025-06-06T05:20:27.2326649Z org.gradle.api.tasks.TaskExecutionException: Execution failed for task ':app:createBundleReleaseJsAndAssets'.
2025-06-06T05:20:27.2328600Z 	at org.gradle.api.internal.tasks.execution.ExecuteActionsTaskExecuter.lambda$executeIfValid$1(ExecuteActionsTaskExecuter.java:130)
2025-06-06T05:20:27.2330383Z 	at org.gradle.internal.Try$Failure.ifSuccessfulOrElse(Try.java:293)
2025-06-06T05:20:27.2331979Z 	at org.gradle.api.internal.tasks.execution.ExecuteActionsTaskExecuter.executeIfValid(ExecuteActionsTaskExecuter.java:128)
2025-06-06T05:20:27.2333984Z 	at org.gradle.api.internal.tasks.execution.ExecuteActionsTaskExecuter.execute(ExecuteActionsTaskExecuter.java:116)
2025-06-06T05:20:27.2336057Z 	at org.gradle.api.internal.tasks.execution.ProblemsTaskPathTrackingTaskExecuter.execute(ProblemsTaskPathTrackingTaskExecuter.java:40)
2025-06-06T05:20:27.2338180Z 	at org.gradle.api.internal.tasks.execution.FinalizePropertiesTaskExecuter.execute(FinalizePropertiesTaskExecuter.java:46)
2025-06-06T05:20:27.2340353Z 	at org.gradle.api.internal.tasks.execution.ResolveTaskExecutionModeExecuter.execute(ResolveTaskExecutionModeExecuter.java:51)
2025-06-06T05:20:27.2350245Z 	at org.gradle.api.internal.tasks.execution.SkipTaskWithNoActionsExecuter.execute(SkipTaskWithNoActionsExecuter.java:57)
2025-06-06T05:20:27.2352617Z 	at org.gradle.api.internal.tasks.execution.SkipOnlyIfTaskExecuter.execute(SkipOnlyIfTaskExecuter.java:74)
2025-06-06T05:20:27.2354973Z 	at org.gradle.api.internal.tasks.execution.CatchExceptionTaskExecuter.execute(CatchExceptionTaskExecuter.java:36)
2025-06-06T05:20:27.2357992Z 	at org.gradle.api.internal.tasks.execution.EventFiringTaskExecuter$1.executeTask(EventFiringTaskExecuter.java:77)
2025-06-06T05:20:27.2359692Z 	at org.gradle.api.internal.tasks.execution.EventFiringTaskExecuter$1.call(EventFiringTaskExecuter.java:55)
2025-06-06T05:20:27.2361135Z 	at org.gradle.api.internal.tasks.execution.EventFiringTaskExecuter$1.call(EventFiringTaskExecuter.java:52)
2025-06-06T05:20:27.2362836Z 	at org.gradle.internal.operations.DefaultBuildOperationRunner$CallableBuildOperationWorker.execute(DefaultBuildOperationRunner.java:210)
2025-06-06T05:20:27.2364749Z 	at org.gradle.internal.operations.DefaultBuildOperationRunner$CallableBuildOperationWorker.execute(DefaultBuildOperationRunner.java:205)
2025-06-06T05:20:27.2366462Z 	at org.gradle.internal.operations.DefaultBuildOperationRunner$2.execute(DefaultBuildOperationRunner.java:67)
2025-06-06T05:20:27.2367857Z 	at org.gradle.internal.operations.DefaultBuildOperationRunner$2.execute(DefaultBuildOperationRunner.java:60)
2025-06-06T05:20:27.2369452Z 	at org.gradle.internal.operations.DefaultBuildOperationRunner.execute(DefaultBuildOperationRunner.java:167)
2025-06-06T05:20:27.2371228Z 	at org.gradle.internal.operations.DefaultBuildOperationRunner.execute(DefaultBuildOperationRunner.java:60)
2025-06-06T05:20:27.2372649Z 	at org.gradle.internal.operations.DefaultBuildOperationRunner.call(DefaultBuildOperationRunner.java:54)
2025-06-06T05:20:27.2373993Z 	at org.gradle.api.internal.tasks.execution.EventFiringTaskExecuter.execute(EventFiringTaskExecuter.java:52)
2025-06-06T05:20:27.2375473Z 	at org.gradle.execution.plan.LocalTaskNodeExecutor.execute(LocalTaskNodeExecutor.java:42)
2025-06-06T05:20:27.2376842Z 	at org.gradle.execution.taskgraph.DefaultTaskExecutionGraph$InvokeNodeExecutorsAction.execute(DefaultTaskExecutionGraph.java:331)
2025-06-06T05:20:27.2378454Z 	at org.gradle.execution.taskgraph.DefaultTaskExecutionGraph$InvokeNodeExecutorsAction.execute(DefaultTaskExecutionGraph.java:318)
2025-06-06T05:20:27.2393035Z 	at org.gradle.execution.taskgraph.DefaultTaskExecutionGraph$BuildOperationAwareExecutionAction.lambda$execute$0(DefaultTaskExecutionGraph.java:314)
2025-06-06T05:20:27.2394752Z 	at org.gradle.internal.operations.CurrentBuildOperationRef.with(CurrentBuildOperationRef.java:85)
2025-06-06T05:20:27.2396400Z 	at org.gradle.execution.taskgraph.DefaultTaskExecutionGraph$BuildOperationAwareExecutionAction.execute(DefaultTaskExecutionGraph.java:314)
2025-06-06T05:20:27.2398336Z 	at org.gradle.execution.taskgraph.DefaultTaskExecutionGraph$BuildOperationAwareExecutionAction.execute(DefaultTaskExecutionGraph.java:303)
2025-06-06T05:20:27.2400112Z 	at org.gradle.execution.plan.DefaultPlanExecutor$ExecutorWorker.execute(DefaultPlanExecutor.java:459)
2025-06-06T05:20:27.2401442Z 	at org.gradle.execution.plan.DefaultPlanExecutor$ExecutorWorker.run(DefaultPlanExecutor.java:376)
2025-06-06T05:20:27.2402796Z 	at org.gradle.internal.concurrent.ExecutorPolicy$CatchAndRecordFailures.onExecute(ExecutorPolicy.java:64)
2025-06-06T05:20:27.2404144Z 	at org.gradle.internal.concurrent.AbstractManagedExecutor$1.run(AbstractManagedExecutor.java:48)
2025-06-06T05:20:27.2405643Z Caused by: org.gradle.process.internal.ExecException: Process 'command 'node'' finished with non-zero exit value 1
2025-06-06T05:20:27.2407132Z 	at org.gradle.process.internal.DefaultExecHandle$ExecResultImpl.assertNormalExitValue(DefaultExecHandle.java:442)
2025-06-06T05:20:27.2408447Z 	at org.gradle.process.internal.DefaultExecAction.execute(DefaultExecAction.java:49)
2025-06-06T05:20:27.2409860Z 	at org.gradle.process.internal.DefaultExecActionFactory.exec(DefaultExecActionFactory.java:217)
2025-06-06T05:20:27.2411100Z 	at org.gradle.process.internal.DefaultExecOperations.exec(DefaultExecOperations.java:37)
2025-06-06T05:20:27.2412230Z 	at com.facebook.react.tasks.BundleHermesCTask.runCommand(BundleHermesCTask.kt:134)
2025-06-06T05:20:27.2413241Z 	at com.facebook.react.tasks.BundleHermesCTask.run(BundleHermesCTask.kt:94)
2025-06-06T05:20:27.2414254Z 	at java.base/jdk.internal.reflect.NativeMethodAccessorImpl.invoke0(Native Method)
2025-06-06T05:20:27.2415474Z 	at java.base/jdk.internal.reflect.NativeMethodAccessorImpl.invoke(NativeMethodAccessorImpl.java:77)
2025-06-06T05:20:27.2416895Z 	at java.base/jdk.internal.reflect.DelegatingMethodAccessorImpl.invoke(DelegatingMethodAccessorImpl.java:43)
2025-06-06T05:20:27.2418066Z 	at org.gradle.internal.reflect.JavaMethod.invoke(JavaMethod.java:125)
2025-06-06T05:20:27.2428483Z 	at org.gradle.api.internal.project.taskfactory.StandardTaskAction.doExecute(StandardTaskAction.java:58)
2025-06-06T05:20:27.2430256Z 	at org.gradle.api.internal.project.taskfactory.StandardTaskAction.execute(StandardTaskAction.java:51)
2025-06-06T05:20:27.2431718Z 	at org.gradle.api.internal.project.taskfactory.StandardTaskAction.execute(StandardTaskAction.java:29)
2025-06-06T05:20:27.2433140Z 	at org.gradle.api.internal.tasks.execution.TaskExecution$3.run(TaskExecution.java:244)
2025-06-06T05:20:27.2434539Z 	at org.gradle.internal.operations.DefaultBuildOperationRunner$1.execute(DefaultBuildOperationRunner.java:30)
2025-06-06T05:20:27.2436393Z 	at org.gradle.internal.operations.DefaultBuildOperationRunner$1.execute(DefaultBuildOperationRunner.java:27)
2025-06-06T05:20:27.2437994Z 	at org.gradle.internal.operations.DefaultBuildOperationRunner$2.execute(DefaultBuildOperationRunner.java:67)
2025-06-06T05:20:27.2439756Z 	at org.gradle.internal.operations.DefaultBuildOperationRunner$2.execute(DefaultBuildOperationRunner.java:60)
2025-06-06T05:20:27.2441622Z 	at org.gradle.internal.operations.DefaultBuildOperationRunner.execute(DefaultBuildOperationRunner.java:167)
2025-06-06T05:20:27.2443226Z 	at org.gradle.internal.operations.DefaultBuildOperationRunner.execute(DefaultBuildOperationRunner.java:60)
2025-06-06T05:20:27.2444771Z 	at org.gradle.internal.operations.DefaultBuildOperationRunner.run(DefaultBuildOperationRunner.java:48)
2025-06-06T05:20:27.2446089Z 	at org.gradle.api.internal.tasks.execution.TaskExecution.executeAction(TaskExecution.java:229)
2025-06-06T05:20:27.2447422Z 	at org.gradle.api.internal.tasks.execution.TaskExecution.executeActions(TaskExecution.java:212)
2025-06-06T05:20:27.2449171Z 	at org.gradle.api.internal.tasks.execution.TaskExecution.executeWithPreviousOutputFiles(TaskExecution.java:195)
2025-06-06T05:20:27.2450639Z 	at org.gradle.api.internal.tasks.execution.TaskExecution.execute(TaskExecution.java:162)
2025-06-06T05:20:27.2451878Z 	at org.gradle.internal.execution.steps.ExecuteStep.executeInternal(ExecuteStep.java:105)
2025-06-06T05:20:27.2453083Z 	at org.gradle.internal.execution.steps.ExecuteStep.access$000(ExecuteStep.java:44)
2025-06-06T05:20:27.2454184Z 	at org.gradle.internal.execution.steps.ExecuteStep$1.call(ExecuteStep.java:59)
2025-06-06T05:20:27.2455236Z 	at org.gradle.internal.execution.steps.ExecuteStep$1.call(ExecuteStep.java:56)
2025-06-06T05:20:27.2456774Z 	at org.gradle.internal.operations.DefaultBuildOperationRunner$CallableBuildOperationWorker.execute(DefaultBuildOperationRunner.java:210)
2025-06-06T05:20:27.2458952Z 	at org.gradle.internal.operations.DefaultBuildOperationRunner$CallableBuildOperationWorker.execute(DefaultBuildOperationRunner.java:205)
2025-06-06T05:20:27.2460866Z 	at org.gradle.internal.operations.DefaultBuildOperationRunner$2.execute(DefaultBuildOperationRunner.java:67)
2025-06-06T05:20:27.2462375Z 	at org.gradle.internal.operations.DefaultBuildOperationRunner$2.execute(DefaultBuildOperationRunner.java:60)
2025-06-06T05:20:27.2463905Z 	at org.gradle.internal.operations.DefaultBuildOperationRunner.execute(DefaultBuildOperationRunner.java:167)
2025-06-06T05:20:27.2465459Z 	at org.gradle.internal.operations.DefaultBuildOperationRunner.execute(DefaultBuildOperationRunner.java:60)
2025-06-06T05:20:27.2466967Z 	at org.gradle.internal.operations.DefaultBuildOperationRunner.call(DefaultBuildOperationRunner.java:54)
2025-06-06T05:20:27.2468248Z 	at org.gradle.internal.execution.steps.ExecuteStep.execute(ExecuteStep.java:56)
2025-06-06T05:20:27.2469550Z 	at org.gradle.internal.execution.steps.ExecuteStep.execute(ExecuteStep.java:44)
2025-06-06T05:20:27.2470772Z 	at org.gradle.internal.execution.steps.CancelExecutionStep.execute(CancelExecutionStep.java:42)
2025-06-06T05:20:27.2472125Z 	at org.gradle.internal.execution.steps.TimeoutStep.executeWithoutTimeout(TimeoutStep.java:75)
2025-06-06T05:20:27.2473309Z 	at org.gradle.internal.execution.steps.TimeoutStep.execute(TimeoutStep.java:55)
2025-06-06T05:20:27.2474652Z 	at org.gradle.internal.execution.steps.PreCreateOutputParentsStep.execute(PreCreateOutputParentsStep.java:50)
2025-06-06T05:20:27.2476248Z 	at org.gradle.internal.execution.steps.PreCreateOutputParentsStep.execute(PreCreateOutputParentsStep.java:28)
2025-06-06T05:20:27.2477829Z 	at org.gradle.internal.execution.steps.RemovePreviousOutputsStep.execute(RemovePreviousOutputsStep.java:67)
2025-06-06T05:20:27.2479557Z 	at org.gradle.internal.execution.steps.RemovePreviousOutputsStep.execute(RemovePreviousOutputsStep.java:37)
2025-06-06T05:20:27.2481175Z 	at org.gradle.internal.execution.steps.BroadcastChangingOutputsStep.execute(BroadcastChangingOutputsStep.java:61)
2025-06-06T05:20:27.2483069Z 	at org.gradle.internal.execution.steps.BroadcastChangingOutputsStep.execute(BroadcastChangingOutputsStep.java:26)
2025-06-06T05:20:27.2484800Z 	at org.gradle.internal.execution.steps.CaptureOutputsAfterExecutionStep.execute(CaptureOutputsAfterExecutionStep.java:69)
2025-06-06T05:20:27.2486602Z 	at org.gradle.internal.execution.steps.CaptureOutputsAfterExecutionStep.execute(CaptureOutputsAfterExecutionStep.java:46)
2025-06-06T05:20:27.2488441Z 	at org.gradle.internal.execution.steps.ResolveInputChangesStep.execute(ResolveInputChangesStep.java:40)
2025-06-06T05:20:27.2490183Z 	at org.gradle.internal.execution.steps.ResolveInputChangesStep.execute(ResolveInputChangesStep.java:29)
2025-06-06T05:20:27.2491607Z 	at org.gradle.internal.execution.steps.BuildCacheStep.executeWithoutCache(BuildCacheStep.java:189)
2025-06-06T05:20:27.2492968Z 	at org.gradle.internal.execution.steps.BuildCacheStep.lambda$execute$1(BuildCacheStep.java:75)
2025-06-06T05:20:27.2493987Z 	at org.gradle.internal.Either$Right.fold(Either.java:175)
2025-06-06T05:20:27.2494943Z 	at org.gradle.internal.execution.caching.CachingState.fold(CachingState.java:62)
2025-06-06T05:20:27.2496109Z 	at org.gradle.internal.execution.steps.BuildCacheStep.execute(BuildCacheStep.java:73)
2025-06-06T05:20:27.2497311Z 	at org.gradle.internal.execution.steps.BuildCacheStep.execute(BuildCacheStep.java:48)
2025-06-06T05:20:27.2498690Z 	at org.gradle.internal.execution.steps.StoreExecutionStateStep.execute(StoreExecutionStateStep.java:46)
2025-06-06T05:20:27.2500452Z 	at org.gradle.internal.execution.steps.StoreExecutionStateStep.execute(StoreExecutionStateStep.java:35)
2025-06-06T05:20:27.2501938Z 	at org.gradle.internal.execution.steps.SkipUpToDateStep.executeBecause(SkipUpToDateStep.java:75)
2025-06-06T05:20:27.2503702Z 	at org.gradle.internal.execution.steps.SkipUpToDateStep.lambda$execute$2(SkipUpToDateStep.java:53)
2025-06-06T05:20:27.2505064Z 	at org.gradle.internal.execution.steps.SkipUpToDateStep.execute(SkipUpToDateStep.java:53)
2025-06-06T05:20:27.2506374Z 	at org.gradle.internal.execution.steps.SkipUpToDateStep.execute(SkipUpToDateStep.java:35)
2025-06-06T05:20:27.2508076Z 	at org.gradle.internal.execution.steps.legacy.MarkSnapshottingInputsFinishedStep.execute(MarkSnapshottingInputsFinishedStep.java:37)
2025-06-06T05:20:27.2510278Z 	at org.gradle.internal.execution.steps.legacy.MarkSnapshottingInputsFinishedStep.execute(MarkSnapshottingInputsFinishedStep.java:27)
2025-06-06T05:20:27.2512331Z 	at org.gradle.internal.execution.steps.ResolveIncrementalCachingStateStep.executeDelegate(ResolveIncrementalCachingStateStep.java:49)
2025-06-06T05:20:27.2514389Z 	at org.gradle.internal.execution.steps.ResolveIncrementalCachingStateStep.executeDelegate(ResolveIncrementalCachingStateStep.java:27)
2025-06-06T05:20:27.2516252Z 	at org.gradle.internal.execution.steps.AbstractResolveCachingStateStep.execute(AbstractResolveCachingStateStep.java:71)
2025-06-06T05:20:27.2518007Z 	at org.gradle.internal.execution.steps.AbstractResolveCachingStateStep.execute(AbstractResolveCachingStateStep.java:39)
2025-06-06T05:20:27.2519707Z 	at org.gradle.internal.execution.steps.ResolveChangesStep.execute(ResolveChangesStep.java:65)
2025-06-06T05:20:27.2521011Z 	at org.gradle.internal.execution.steps.ResolveChangesStep.execute(ResolveChangesStep.java:36)
2025-06-06T05:20:27.2522213Z 	at org.gradle.internal.execution.steps.ValidateStep.execute(ValidateStep.java:107)
2025-06-06T05:20:27.2523324Z 	at org.gradle.internal.execution.steps.ValidateStep.execute(ValidateStep.java:56)
2025-06-06T05:20:27.2524967Z 	at org.gradle.internal.execution.steps.AbstractCaptureStateBeforeExecutionStep.execute(AbstractCaptureStateBeforeExecutionStep.java:64)
2025-06-06T05:20:27.2527019Z 	at org.gradle.internal.execution.steps.AbstractCaptureStateBeforeExecutionStep.execute(AbstractCaptureStateBeforeExecutionStep.java:43)
2025-06-06T05:20:27.2529235Z 	at org.gradle.internal.execution.steps.AbstractSkipEmptyWorkStep.executeWithNonEmptySources(AbstractSkipEmptyWorkStep.java:125)
2025-06-06T05:20:27.2531212Z 	at org.gradle.internal.execution.steps.AbstractSkipEmptyWorkStep.execute(AbstractSkipEmptyWorkStep.java:56)
2025-06-06T05:20:27.2532782Z 	at org.gradle.internal.execution.steps.AbstractSkipEmptyWorkStep.execute(AbstractSkipEmptyWorkStep.java:36)
2025-06-06T05:20:27.2534566Z 	at org.gradle.internal.execution.steps.legacy.MarkSnapshottingInputsStartedStep.execute(MarkSnapshottingInputsStartedStep.java:38)
2025-06-06T05:20:27.2536615Z 	at org.gradle.internal.execution.steps.LoadPreviousExecutionStateStep.execute(LoadPreviousExecutionStateStep.java:36)
2025-06-06T05:20:27.2538355Z 	at org.gradle.internal.execution.steps.LoadPreviousExecutionStateStep.execute(LoadPreviousExecutionStateStep.java:23)
2025-06-06T05:20:27.2540108Z 	at org.gradle.internal.execution.steps.HandleStaleOutputsStep.execute(HandleStaleOutputsStep.java:75)
2025-06-06T05:20:27.2541541Z 	at org.gradle.internal.execution.steps.HandleStaleOutputsStep.execute(HandleStaleOutputsStep.java:41)
2025-06-06T05:20:27.2543111Z 	at org.gradle.internal.execution.steps.AssignMutableWorkspaceStep.lambda$execute$0(AssignMutableWorkspaceStep.java:35)
2025-06-06T05:20:27.2544590Z 	at org.gradle.api.internal.tasks.execution.TaskExecution$4.withWorkspace(TaskExecution.java:289)
2025-06-06T05:20:27.2546035Z 	at org.gradle.internal.execution.steps.AssignMutableWorkspaceStep.execute(AssignMutableWorkspaceStep.java:31)
2025-06-06T05:20:27.2547607Z 	at org.gradle.internal.execution.steps.AssignMutableWorkspaceStep.execute(AssignMutableWorkspaceStep.java:22)
2025-06-06T05:20:27.2549228Z 	at org.gradle.internal.execution.steps.ChoosePipelineStep.execute(ChoosePipelineStep.java:40)
2025-06-06T05:20:27.2550533Z 	at org.gradle.internal.execution.steps.ChoosePipelineStep.execute(ChoosePipelineStep.java:23)
2025-06-06T05:20:27.2552204Z 	at org.gradle.internal.execution.steps.ExecuteWorkBuildOperationFiringStep.lambda$execute$2(ExecuteWorkBuildOperationFiringStep.java:67)
2025-06-06T05:20:27.2554160Z 	at org.gradle.internal.execution.steps.ExecuteWorkBuildOperationFiringStep.execute(ExecuteWorkBuildOperationFiringStep.java:67)
2025-06-06T05:20:27.2556085Z 	at org.gradle.internal.execution.steps.ExecuteWorkBuildOperationFiringStep.execute(ExecuteWorkBuildOperationFiringStep.java:39)
2025-06-06T05:20:27.2557617Z 	at org.gradle.internal.execution.steps.IdentityCacheStep.execute(IdentityCacheStep.java:46)
2025-06-06T05:20:27.2559004Z 	at org.gradle.internal.execution.steps.IdentityCacheStep.execute(IdentityCacheStep.java:34)
2025-06-06T05:20:27.2560176Z 	at org.gradle.internal.execution.steps.IdentifyStep.execute(IdentifyStep.java:48)
2025-06-06T05:20:27.2561272Z 	at org.gradle.internal.execution.steps.IdentifyStep.execute(IdentifyStep.java:35)
2025-06-06T05:20:27.2562518Z 	at org.gradle.internal.execution.impl.DefaultExecutionEngine$1.execute(DefaultExecutionEngine.java:61)
2025-06-06T05:20:27.2564115Z 	at org.gradle.api.internal.tasks.execution.ExecuteActionsTaskExecuter.executeIfValid(ExecuteActionsTaskExecuter.java:127)
2025-06-06T05:20:27.2565745Z 	at org.gradle.api.internal.tasks.execution.ExecuteActionsTaskExecuter.execute(ExecuteActionsTaskExecuter.java:116)
2025-06-06T05:20:27.2567662Z 	at org.gradle.api.internal.tasks.execution.ProblemsTaskPathTrackingTaskExecuter.execute(ProblemsTaskPathTrackingTaskExecuter.java:40)
2025-06-06T05:20:27.2569864Z 	at org.gradle.api.internal.tasks.execution.FinalizePropertiesTaskExecuter.execute(FinalizePropertiesTaskExecuter.java:46)
2025-06-06T05:20:27.2571732Z 	at org.gradle.api.internal.tasks.execution.ResolveTaskExecutionModeExecuter.execute(ResolveTaskExecutionModeExecuter.java:51)
2025-06-06T05:20:27.2573561Z 	at org.gradle.api.internal.tasks.execution.SkipTaskWithNoActionsExecuter.execute(SkipTaskWithNoActionsExecuter.java:57)
2025-06-06T05:20:27.2575203Z 	at org.gradle.api.internal.tasks.execution.SkipOnlyIfTaskExecuter.execute(SkipOnlyIfTaskExecuter.java:74)
2025-06-06T05:20:27.2576786Z 	at org.gradle.api.internal.tasks.execution.CatchExceptionTaskExecuter.execute(CatchExceptionTaskExecuter.java:36)
2025-06-06T05:20:27.2578620Z 	at org.gradle.api.internal.tasks.execution.EventFiringTaskExecuter$1.executeTask(EventFiringTaskExecuter.java:77)
2025-06-06T05:20:27.2580323Z 	at org.gradle.api.internal.tasks.execution.EventFiringTaskExecuter$1.call(EventFiringTaskExecuter.java:55)
2025-06-06T05:20:27.2581788Z 	at org.gradle.api.internal.tasks.execution.EventFiringTaskExecuter$1.call(EventFiringTaskExecuter.java:52)
2025-06-06T05:20:27.2583729Z 	at org.gradle.internal.operations.DefaultBuildOperationRunner$CallableBuildOperationWorker.execute(DefaultBuildOperationRunner.java:210)
2025-06-06T05:20:27.2585688Z 	at org.gradle.internal.operations.DefaultBuildOperationRunner$CallableBuildOperationWorker.execute(DefaultBuildOperationRunner.java:205)
2025-06-06T05:20:27.2587416Z 	at org.gradle.internal.operations.DefaultBuildOperationRunner$2.execute(DefaultBuildOperationRunner.java:67)
2025-06-06T05:20:27.2589141Z 	at org.gradle.internal.operations.DefaultBuildOperationRunner$2.execute(DefaultBuildOperationRunner.java:60)
2025-06-06T05:20:27.2590670Z 	at org.gradle.internal.operations.DefaultBuildOperationRunner.execute(DefaultBuildOperationRunner.java:167)
2025-06-06T05:20:27.2592214Z 	at org.gradle.internal.operations.DefaultBuildOperationRunner.execute(DefaultBuildOperationRunner.java:60)
2025-06-06T05:20:27.2593718Z 	at org.gradle.internal.operations.DefaultBuildOperationRunner.call(DefaultBuildOperationRunner.java:54)
2025-06-06T05:20:27.2595245Z 	at org.gradle.api.internal.tasks.execution.EventFiringTaskExecuter.execute(EventFiringTaskExecuter.java:52)
2025-06-06T05:20:27.2596614Z 	at org.gradle.execution.plan.LocalTaskNodeExecutor.execute(LocalTaskNodeExecutor.java:42)
2025-06-06T05:20:27.2598142Z 	at org.gradle.execution.taskgraph.DefaultTaskExecutionGraph$InvokeNodeExecutorsAction.execute(DefaultTaskExecutionGraph.java:331)
2025-06-06T05:20:27.2600161Z 	at org.gradle.execution.taskgraph.DefaultTaskExecutionGraph$InvokeNodeExecutorsAction.execute(DefaultTaskExecutionGraph.java:318)
2025-06-06T05:20:27.2602202Z 	at org.gradle.execution.taskgraph.DefaultTaskExecutionGraph$BuildOperationAwareExecutionAction.lambda$execute$0(DefaultTaskExecutionGraph.java:314)
2025-06-06T05:20:27.2603894Z 	at org.gradle.internal.operations.CurrentBuildOperationRef.with(CurrentBuildOperationRef.java:85)
2025-06-06T05:20:27.2605561Z 	at org.gradle.execution.taskgraph.DefaultTaskExecutionGraph$BuildOperationAwareExecutionAction.execute(DefaultTaskExecutionGraph.java:314)
2025-06-06T05:20:27.2607563Z 	at org.gradle.execution.taskgraph.DefaultTaskExecutionGraph$BuildOperationAwareExecutionAction.execute(DefaultTaskExecutionGraph.java:303)
2025-06-06T05:20:27.2609427Z 	at org.gradle.execution.plan.DefaultPlanExecutor$ExecutorWorker.execute(DefaultPlanExecutor.java:459)
2025-06-06T05:20:27.2610772Z 	at org.gradle.execution.plan.DefaultPlanExecutor$ExecutorWorker.run(DefaultPlanExecutor.java:376)
2025-06-06T05:20:27.2612149Z 	at org.gradle.internal.concurrent.ExecutorPolicy$CatchAndRecordFailures.onExecute(ExecutorPolicy.java:64)
2025-06-06T05:20:27.2613520Z 	at org.gradle.internal.concurrent.AbstractManagedExecutor$1.run(AbstractManagedExecutor.java:48)
2025-06-06T05:20:27.2614232Z 
2025-06-06T05:20:27.2614245Z 
2025-06-06T05:20:27.2614457Z BUILD FAILED in 2m 22s
2025-06-06T05:20:27.2614709Z 
2025-06-06T05:20:27.2615348Z Deprecated Gradle features were used in this build, making it incompatible with Gradle 9.0.
2025-06-06T05:20:27.2615942Z 
2025-06-06T05:20:27.2616865Z You can use '--warning-mode all' to show the individual deprecation warnings and determine if they come from your own scripts or plugins.
2025-06-06T05:20:27.2617676Z 
2025-06-06T05:20:27.2618760Z For more on this, please refer to https://docs.gradle.org/8.13/userguide/command_line_interface.html#sec:command_line_warnings in the Gradle documentation.
2025-06-06T05:20:27.2620096Z 57 actionable tasks: 57 executed
2025-06-06T05:20:27.7023387Z ##[error]The operation was canceled.
2025-06-06T05:20:27.7163994Z Post job cleanup.
2025-06-06T05:20:27.8912949Z Post job cleanup.
2025-06-06T05:20:27.9640514Z [command]/usr/bin/git version
2025-06-06T05:20:27.9674678Z git version 2.49.0
2025-06-06T05:20:27.9719489Z Temporarily overriding HOME='/home/runner/work/_temp/858f1da5-4f14-4dc3-b74d-0c5e4430aa4a' before making global git config changes
2025-06-06T05:20:27.9720973Z Adding repository directory to the temporary git global config as a safe directory
2025-06-06T05:20:27.9724202Z [command]/usr/bin/git config --global --add safe.directory /home/runner/work/CradleAI/CradleAI
2025-06-06T05:20:27.9754754Z [command]/usr/bin/git config --local --name-only --get-regexp core\.sshCommand
2025-06-06T05:20:27.9783376Z [command]/usr/bin/git submodule foreach --recursive sh -c "git config --local --name-only --get-regexp 'core\.sshCommand' && git config --local --unset-all 'core.sshCommand' || :"
2025-06-06T05:20:28.0001818Z [command]/usr/bin/git config --local --name-only --get-regexp http\.https\:\/\/github\.com\/\.extraheader
2025-06-06T05:20:28.0020982Z http.https://github.com/.extraheader
2025-06-06T05:20:28.0031988Z [command]/usr/bin/git config --local --unset-all http.https://github.com/.extraheader
2025-06-06T05:20:28.0059418Z [command]/usr/bin/git submodule foreach --recursive sh -c "git config --local --name-only --get-regexp 'http\.https\:\/\/github\.com\/\.extraheader' && git config --local --unset-all 'http.https://github.com/.extraheader' || :"
2025-06-06T05:20:28.0376397Z Cleaning up orphan processes
2025-06-06T05:20:28.0603886Z Terminate orphan process: pid (2471) (java)
2025-06-06T05:20:28.0640712Z Terminate orphan process: pid (2474) (java)